Microchip MPLAB XC8 Compiler V1.45 ()

Linker command line:

-W-3 --edf=C:\Program Files (x86)\Microchip\xc8\v1.45\dat\en_msgs.txt \
  --msgdisable=1257 -cs \
  -h+dist/default/production\ButtonLed.X.production.sym \
  --cmf=dist/default/production\ButtonLed.X.production.cmf -z -Q16LF1459 \
  -oC:\Users\Student\AppData\Local\Temp\s47c.2 \
  -Mdist/default/production/ButtonLed.X.production.map -E1 -ver=XC8 \
  -ASTACK=02076h-0238bh -pstack=STACK -ACODE=00h-07FFhx4 \
  -ASTRCODE=00h-01FFFh -ASTRING=00h-0FFhx32 -ACONST=00h-0FFhx32 \
  -AENTRY=00h-0FFhx32 -ACOMMON=070h-07Fh -ABANK0=020h-06Fh \
  -ABANK1=0A0h-0EFh -ABANK2=0120h-016Fh -ABANK3=01A0h-01EFh \
  -ABANK4=0220h-026Fh -ABANK5=02A0h-02EFh -ABANK6=0320h-036Fh \
  -ABANK7=03A0h-03EFh -ABANK8=0420h-046Fh -ABANK9=04A0h-04EFh \
  -ABANK10=0520h-056Fh -ABANK11=05A0h-05EFh -ABANK12=0620h-064Fh \
  -ABIGRAM=02000h-023EFh \
  -ARAM=020h-06Fh,0A0h-0EFh,0120h-016Fh,01A0h-01EFh,0220h-026Fh,02A0h-02EFh,0320h-036Fh,03A0h-03EFh,0420h-046Fh,04A0h-04EFh,0520h-056Fh,05A0h-05EFh,0620h-064Fh \
  -AABS1=020h-07Fh,0A0h-0EFh,0120h-016Fh,01A0h-01EFh,0220h-026Fh,02A0h-02EFh,0320h-036Fh,03A0h-03EFh,0420h-046Fh,04A0h-04EFh,0520h-056Fh,05A0h-05EFh,0620h-064Fh \
  -ASFR0=00h-01Fh -ASFR1=080h-09Fh -ASFR2=0100h-011Fh -ASFR3=0180h-019Fh \
  -ASFR4=0200h-021Fh -ASFR5=0280h-029Fh -ASFR6=0300h-031Fh \
  -ASFR7=0380h-039Fh -ASFR8=0400h-041Fh -ASFR9=0480h-049Fh \
  -ASFR10=0500h-051Fh -ASFR11=0580h-059Fh -ASFR12=0600h-061Fh \
  -ASFR13=0680h-06EFh -ASFR14=0700h-076Fh -ASFR15=0780h-07EFh \
  -ASFR16=0800h-086Fh -ASFR17=0880h-08EFh -ASFR18=0900h-096Fh \
  -ASFR19=0980h-09EFh -ASFR20=0A00h-0A6Fh -ASFR21=0A80h-0AEFh \
  -ASFR22=0B00h-0B6Fh -ASFR23=0B80h-0BEFh -ASFR24=0C00h-0C6Fh \
  -ASFR25=0C80h-0CEFh -ASFR26=0D00h-0D6Fh -ASFR27=0D80h-0DEFh \
  -ASFR28=0E00h-0E6Fh -ASFR29=0E80h-0EEFh -ASFR30=0F00h-0F6Fh \
  -ASFR31=0F80h-0FEFh -preset_vec=00h,intentry=04h,init,end_init \
  -ppowerup=CODE -pcinit=CODE -pfunctab=ENTRY -ACONFIG=08007h-08008h \
  -pconfig=CONFIG -DCONFIG=2 -AIDLOC=08000h-08003h -pidloc=IDLOC -DIDLOC=2 \
  -DCODE=2 -DSTRCODE=2 -DSTRING=2 -DCONST=2 -DENTRY=2 -k \
  C:\Users\Student\AppData\Local\Temp\s47c.obj \
  dist/default/production\ButtonLed.X.production.obj 

Object code version is 3.11

Machine type is 16LF1459



                Name                               Link     Load   Length Selector   Space Scale
C:\Users\Student\AppData\Local\Temp\s47c.obj
                end_init                             3D       3D        2        8       0
                reset_vec                             0        0        2        0       0
                config                             8007     8007        2    1000E       0
dist/default/production\ButtonLed.X.production.obj
                cinit                                3F       3F       39        8       0
                intentry                              4        4       39        8       0
                text29                              F1E      F1E        A     1E3C       0
                text28                              EF4      EF4        8     1DE8       0
                text27                              F0C      F0C        9     1E18       0
                text26                              F4B      F4B        E     1E96       0
                text25                              F76      F76       10     1EEC       0
                text24                              FE6      FE6       1A     1FCC       0
                text23                              FA8      FA8       13     1F50       0
                text22                              F59      F59        E     1EB2       0
                text21                              F86      F86       11     1F0C       0
                text20                              F67      F67        F     1ECE       0
                text19                              4D2      4D2       60        8       0
                text18                              23D      23D      12A        8       0
                text17                              6E1      6E1       39      DC2       0
                text16                              F15      F15        9     1E2A       0
                text15                              EFC      EFC        8     1DF8       0
                text14                              590      590       51        8       0
                text13                              472      472       60        8       0
                text12                              FD0      FD0       16     1FA0       0
                text11                              532      532       5E        8       0
                text10                              71A      71A       36      DC2       0
                text9                               F97      F97       11     1F2E       0
                text8                               750      750       28      DC2       0
                text7                               7DF      7DF       1B      DC2       0
                text6                               79F      79F       24      DC2       0
                text5                               778      778       27      DC2       0
                text4                               3ED      3ED       85        8       0
                text3                               367      367       86        8       0
                text2                               FBB      FBB       15     1F76       0
                text1                               F28      F28        B     1E50       0
                maintext                             78       78      1C5        8       0
                cstackBANK0                          20       20       46       20       1
                cstackCOMMON                         70       70        A       70       1
                clrtext                             F33      F33        C     1E66       0
                inittext                            F3F      F3F        C     1E7E       0
                dataBANK1                            A0       A0       1C       A0       1
                bssBANK1                             BC       BC        A       A0       1
                dataBANK0                            66       66        8       20       1
                bssBANK0                             6E       6E        2       20       1
                bssCOMMON                            7A       7A        2       70       1
                stringtext4                         6A1      6A1       40      BC2       0
                stringtext3                         661      661       40      BC2       0
                stringtext2                         621      621       40      BC2       0
                stringtext1                         5E1      5E1       40      BC2       0
                idataBANK1                          7C3      7C3       1C      DC2       0
                idataBANK0                          F04      F04        8     1E08       0

TOTAL           Name                               Link     Load   Length     Space
        CLASS   STACK          

        CLASS   CODE           
                end_init                             3D       3D        2         0
                cinit                                3F       3F       39         0
                intentry                              4        4       39         0
                reset_vec                             0        0        2         0
                text29                              F1E      F1E        A         0
                text28                              EF4      EF4        8         0
                text27                              F0C      F0C        9         0
                text26                              F4B      F4B        E         0
                text25                              F76      F76       10         0
                text24                              FE6      FE6       1A         0
                text23                              FA8      FA8       13         0
                text22                              F59      F59        E         0
                text21                              F86      F86       11         0
                text20                              F67      F67        F         0
                text19                              4D2      4D2       60         0
                text18                              23D      23D      12A         0
                text17                              6E1      6E1       39         0
                text16                              F15      F15        9         0
                text15                              EFC      EFC        8         0
                text14                              590      590       51         0
                text13                              472      472       60         0
                text12                              FD0      FD0       16         0
                text11                              532      532       5E         0
                text10                              71A      71A       36         0
                text9                               F97      F97       11         0
                text8                               750      750       28         0
                text7                               7DF      7DF       1B         0
                text6                               79F      79F       24         0
                text5                               778      778       27         0
                text4                               3ED      3ED       85         0
                text3                               367      367       86         0
                text2                               FBB      FBB       15         0
                text1                               F28      F28        B         0
                maintext                             78       78      1C5         0
                clrtext                             F33      F33        C         0
                inittext                            F3F      F3F        C         0
                idataBANK1                          7C3      7C3       1C         0
                idataBANK0                          F04      F04        8         0

        CLASS   STRCODE        
                stringtext4                         6A1      6A1       40         0
                stringtext3                         661      661       40         0
                stringtext2                         621      621       40         0
                stringtext1                         5E1      5E1       40         0

        CLASS   STRING         

        CLASS   CONST          

        CLASS   ENTRY          

        CLASS   COMMON         
                cstackCOMMON                         70       70        A         1
                bssCOMMON                            7A       7A        2         1

        CLASS   BANK0          
                cstackBANK0                          20       20       46         1
                dataBANK0                            66       66        8         1
                bssBANK0                             6E       6E        2         1

        CLASS   BANK1          
                dataBANK1                            A0       A0       1C         1
                bssBANK1                             BC       BC        A         1

        CLASS   BANK2          

        CLASS   BANK3          

        CLASS   BANK4          

        CLASS   BANK5          

        CLASS   BANK6          

        CLASS   BANK7          

        CLASS   BANK8          

        CLASS   BANK9          

        CLASS   BANK10         

        CLASS   BANK11         

        CLASS   BANK12         

        CLASS   BIGRAM         

        CLASS   RAM            

        CLASS   ABS1           
                abs_s1                               7E       7E        2         1
                abs_s1                              5BC      5BC       34         1
                abs_s1                              620      620       30         1
                abs_s1                             238C     238C        0         1

        CLASS   SFR0           

        CLASS   SFR1           

        CLASS   SFR2           

        CLASS   SFR3           

        CLASS   SFR4           

        CLASS   SFR5           

        CLASS   SFR6           

        CLASS   SFR7           

        CLASS   SFR8           

        CLASS   SFR9           

        CLASS   SFR10          

        CLASS   SFR11          

        CLASS   SFR12          

        CLASS   SFR13          

        CLASS   SFR14          

        CLASS   SFR15          

        CLASS   SFR16          

        CLASS   SFR17          

        CLASS   SFR18          

        CLASS   SFR19          

        CLASS   SFR20          

        CLASS   SFR21          

        CLASS   SFR22          

        CLASS   SFR23          

        CLASS   SFR24          

        CLASS   SFR25          

        CLASS   SFR26          

        CLASS   SFR27          

        CLASS   SFR28          

        CLASS   SFR29          

        CLASS   SFR30          

        CLASS   SFR31          

        CLASS   CONFIG         
                config                             8007     8007        2         0

        CLASS   IDLOC          

        CLASS   BANK31         

        CLASS   BANK30         

        CLASS   BANK29         

        CLASS   BANK28         

        CLASS   BANK27         

        CLASS   BANK26         

        CLASS   BANK25         

        CLASS   BANK24         

        CLASS   BANK23         

        CLASS   BANK22         

        CLASS   BANK21         

        CLASS   BANK20         

        CLASS   BANK19         

        CLASS   BANK18         

        CLASS   BANK17         

        CLASS   BANK16         

        CLASS   BANK15         

        CLASS   BANK14         

        CLASS   BANK13         

        CLASS   EEDATA         



SEGMENTS        Name                           Load    Length   Top    Selector   Space  Class     Delta

                reset_vec                      000000  000002  000002         0       0  CODE        2
                intentry                       000004  0005DD  0005E1         8       0  CODE        2
                cstackBANK0                    000020  000050  000070        20       1  BANK0       1
                cstackCOMMON                   000070  00000C  00007C        70       1  COMMON      1
                dataBANK1                      0000A0  000026  0000C6        A0       1  BANK1       1
                stringtext1                    0005E1  000100  0006E1       BC2       0  STRCODE     2
                text17                         0006E1  000119  0007FA       DC2       0  CODE        2
                text28                         000EF4  000008  000EFC      1DE8       0  CODE        2
                text15                         000EFC  000008  000F04      1DF8       0  CODE        2
                idataBANK0                     000F04  000008  000F0C      1E08       0  CODE        2
                text27                         000F0C  000009  000F15      1E18       0  CODE        2
                text16                         000F15  000009  000F1E      1E2A       0  CODE        2
                text29                         000F1E  00000A  000F28      1E3C       0  CODE        2
                text1                          000F28  00000B  000F33      1E50       0  CODE        2
                clrtext                        000F33  00000C  000F3F      1E66       0  CODE        2
                inittext                       000F3F  00000C  000F4B      1E7E       0  CODE        2
                text26                         000F4B  00000E  000F59      1E96       0  CODE        2
                text22                         000F59  00000E  000F67      1EB2       0  CODE        2
                text20                         000F67  00000F  000F76      1ECE       0  CODE        2
                text25                         000F76  000010  000F86      1EEC       0  CODE        2
                text21                         000F86  000011  000F97      1F0C       0  CODE        2
                text9                          000F97  000011  000FA8      1F2E       0  CODE        2
                text23                         000FA8  000013  000FBB      1F50       0  CODE        2
                text2                          000FBB  000015  000FD0      1F76       0  CODE        2
                text12                         000FD0  000016  000FE6      1FA0       0  CODE        2
                text24                         000FE6  00001A  001000      1FCC       0  CODE        2
                config                         008007  000002  008009     1000E       0  CONFIG      2


UNUSED ADDRESS RANGES

        Name                Unused          Largest block    Delta
        BANK1            000C6-000EF              2A           1
        BANK10           00520-0056F              50           1
        BANK11           005A0-005BB              1C           1
        BANK2            00120-0016F              50           1
        BANK3            001A0-001EF              50           1
        BANK4            00220-0026F              50           1
        BANK5            002A0-002EF              50           1
        BANK6            00320-0036F              50           1
        BANK7            003A0-003EF              50           1
        BANK8            00420-0046F              50           1
        BANK9            004A0-004EF              50           1
        BIGRAM           02000-023EF             3F0           1
        CODE             00002-00003               2           2
                         007FA-00EF3               6
                         01000-01FFF             800
        COMMON           0007C-0007D               2           1
        CONST            00002-00003               2           2
                         007FA-00EF3             100
                         01000-01FFF             100
        ENTRY            00002-00003               2           2
                         007FA-00EF3             100
                         01000-01FFF             100
        IDLOC            08000-08003               4           2
        RAM              000C6-000EF              2A           1
                         00120-0016F              50
                         001A0-001EF              50
                         00220-0026F              50
                         002A0-002EF              50
                         00320-0036F              50
                         003A0-003EF              50
                         00420-0046F              50
                         004A0-004EF              50
                         00520-0056F              50
                         005A0-005BB              1C
        SFR0             00000-0001F              20           1
        SFR1             00080-0009F              20           1
        SFR10            00500-0051F              20           1
        SFR11            00580-0059F              20           1
        SFR12            00600-0061F              20           1
        SFR13            00680-006EF              70           1
        SFR14            00700-0076F              70           1
        SFR15            00780-007EF              70           1
        SFR16            00800-0086F              70           1
        SFR17            00880-008EF              70           1
        SFR18            00900-0096F              70           1
        SFR19            00980-009EF              70           1
        SFR2             00100-0011F              20           1
        SFR20            00A00-00A6F              70           1
        SFR21            00A80-00AEF              70           1
        SFR22            00B00-00B6F              70           1
        SFR23            00B80-00BEF              70           1
        SFR24            00C00-00C6F              70           1
        SFR25            00C80-00CEF              70           1
        SFR26            00D00-00D6F              70           1
        SFR27            00D80-00DEF              70           1
        SFR28            00E00-00E6F              70           1
        SFR29            00E80-00EEF              70           1
        SFR3             00180-0019F              20           1
        SFR30            00F00-00F6F              70           1
        SFR31            00F80-00FEF              70           1
        SFR4             00200-0021F              20           1
        SFR5             00280-0029F              20           1
        SFR6             00300-0031F              20           1
        SFR7             00380-0039F              20           1
        SFR8             00400-0041F              20           1
        SFR9             00480-0049F              20           1
        STACK            02076-0238B             316           1
        STRCODE          00002-00003               2           2
                         007FA-00EF3             6FA
                         01000-01FFF            1000
        STRING           00002-00003               2           2
                         007FA-00EF3             100
                         01000-01FFF             100

                                  Symbol Table

MFRC522_AntiColl@_status                cstackBANK0  0003E
MFRC522_AntiColl@i                      cstackBANK0  0003F
MFRC522_AntiColl@serNum                 cstackBANK0  00040
MFRC522_AntiColl@serNumCheck            cstackBANK0  0003B
MFRC522_AntiColl@unLen                  cstackBANK0  0003C
MFRC522_CRC@dataIn                      cstackBANK0  00026
MFRC522_CRC@dataOut                     cstackBANK0  00023
MFRC522_CRC@i                           cstackBANK0  00027
MFRC522_CRC@length                      cstackBANK0  00022
MFRC522_CRC@n                           cstackBANK0  00025
MFRC522_Clear_Bit@addr                  cstackCOMMON 00079
MFRC522_Clear_Bit@mask                  cstackCOMMON 00078
MFRC522_Halt@buff                       cstackBANK0  0003A
MFRC522_Halt@unLen                      cstackBANK0  0003E
MFRC522_ReadCardSerial@_status          cstackBANK0  00042
MFRC522_ReadCardSerial@str              cstackBANK0  00043
MFRC522_Request@TagType                 cstackBANK0  00036
MFRC522_Request@_status                 cstackBANK0  0003C
MFRC522_Request@backBits                cstackBANK0  0003D
MFRC522_Request@reqMode                 cstackBANK0  0003B
MFRC522_SelectTag@_status               cstackBANK0  00044
MFRC522_SelectTag@buffer                cstackBANK0  0003B
MFRC522_SelectTag@i                     cstackBANK0  00049
MFRC522_SelectTag@recvBits              cstackBANK0  00047
MFRC522_SelectTag@serNum                cstackBANK0  00045
MFRC522_SelectTag@size                  cstackBANK0  00046
MFRC522_Set_Bit@addr                    cstackBANK0  00020
MFRC522_Set_Bit@mask                    cstackCOMMON 00078
MFRC522_ToCard@_status                  cstackBANK0  0002F
MFRC522_ToCard@backData                 cstackBANK0  00024
MFRC522_ToCard@backLen                  cstackBANK0  00025
MFRC522_ToCard@command                  cstackBANK0  00032
MFRC522_ToCard@i                        cstackBANK0  00033
MFRC522_ToCard@irqEn                    cstackBANK0  00031
MFRC522_ToCard@lastBits                 cstackBANK0  00030
MFRC522_ToCard@n                        cstackBANK0  00035
MFRC522_ToCard@sendData                 cstackBANK0  00022
MFRC522_ToCard@sendLen                  cstackBANK0  00023
MFRC522_ToCard@waitIRq                  cstackBANK0  0002E
MFRC522_isCard@TagType                  cstackBANK0  00040
ReadPayload@data                        cstackCOMMON 00073
ReadPayload@i                           cstackCOMMON 00077
ReadPayload@num                         cstackCOMMON 00076
ReadRegister@reg                        cstackCOMMON 00074
ReadRegister@val                        cstackCOMMON 00075
ReadRegisterRF@reg                      cstackCOMMON 00074
ReadRegisterRF@temp                     cstackCOMMON 00075
ReadRegisterRF@temp1                    cstackCOMMON 00076
SPI_transfer@data                       cstackCOMMON 00072
WriteAddress@addr                       cstackCOMMON 00074
WriteAddress@i                          cstackCOMMON 00077
WriteAddress@num                        cstackCOMMON 00073
WriteAddress@reg                        cstackCOMMON 00076
WriteCommand@command                    cstackCOMMON 00073
WritePayload@data                       cstackCOMMON 00073
WritePayload@i                          cstackCOMMON 00076
WritePayload@num                        cstackCOMMON 00075
WriteRegister@reg                       cstackCOMMON 00077
WriteRegister@val                       cstackCOMMON 00076
WriteRegisterRF@reg                     cstackCOMMON 00074
WriteRegisterRF@val                     cstackCOMMON 00073
_ANSELA                                 (abs)        0018C
_ANSELB                                 (abs)        0018D
_ANSELC                                 (abs)        0018E
_BAUDCONbits                            (abs)        0019F
_CREN                                   (abs)        00CEC
_ConfigureOscillator                    text29       00F1E
_FlushTXRX                              text25       00F76
_INTCONbits                             (abs)        0000B
_IOCAFbits                              (abs)        00393
_IOCANbits                              (abs)        00392
_IOCAPbits                              (abs)        00391
_InitApp                                text24       00FE6
_LATAbits                               (abs)        0010C
_LATCbits                               (abs)        0010E
_MFRC522_AntennaOn                      text16       00F15
_MFRC522_AntiColl                       text13       00472
_MFRC522_CRC                            text19       004D2
_MFRC522_Clear_Bit                      text21       00F86
_MFRC522_Halt                           text17       006E1
_MFRC522_Init                           text14       00590
_MFRC522_ReadCardSerial                 text12       00FD0
_MFRC522_Request                        text10       0071A
_MFRC522_Reset                          text15       00EFC
_MFRC522_SelectTag                      text11       00532
_MFRC522_Set_Bit                        text20       00F67
_MFRC522_ToCard                         text18       0023D
_MFRC522_isCard                         text9        00F97
_OERR                                   (abs)        00CE9
_OSCCONbits                             (abs)        00099
_PIE1bits                               (abs)        00091
_PIR1bits                               (abs)        00011
_PORTAbits                              (abs)        0000C
_PORTCbits                              (abs)        0000E
_RCIF                                   (abs)        0008D
_RCREG                                  (abs)        00199
_RCSTAbits                              (abs)        0019D
_ReadPayload                            text8        00750
_ReadRegister                           text23       00FA8
_ReadRegisterRF                         text2        00FBB
_SPBRG                                  (abs)        0019B
_SPI_init                               text7        007DF
_SPI_transfer                           text28       00EF4
_SSPBUF                                 (abs)        00211
_SSPCON1bits                            (abs)        00215
_SSPSTATbits                            (abs)        00214
_SW                                     bssBANK0     0006F
_T1CONbits                              (abs)        00018
_TMR1H                                  (abs)        00017
_TMR1L                                  (abs)        00016
_TMR_CNT                                bssCOMMON    0007A
_TRISAbits                              (abs)        0008C
_TRISBbits                              (abs)        0008D
_TRISCbits                              (abs)        0008E
_TRMT                                   (abs)        00CF1
_TXREG                                  (abs)        0019A
_TXSTAbits                              (abs)        0019E
_WriteAddress                           text5        00778
_WriteCommand                           text27       00F0C
_WritePayload                           text6        0079F
_WriteRegister                          text22       00F59
_WriteRegisterRF                        text26       00F4B
__CFG_BOREN$OFF                         (abs)        00000
__CFG_BORV$LO                           (abs)        00000
__CFG_CLKOUTEN$OFF                      (abs)        00000
__CFG_CP$OFF                            (abs)        00000
__CFG_CPUDIV$NOCLKDIV                   (abs)        00000
__CFG_FCMEN$OFF                         (abs)        00000
__CFG_FOSC$INTOSC                       (abs)        00000
__CFG_IESO$OFF                          (abs)        00000
__CFG_LPBOR$OFF                         (abs)        00000
__CFG_LVP$OFF                           (abs)        00000
__CFG_MCLRE$ON                          (abs)        00000
__CFG_PLLEN$DISABLED                    (abs)        00000
__CFG_PLLMULT$3x                        (abs)        00000
__CFG_PWRTE$OFF                         (abs)        00000
__CFG_STVREN$OFF                        (abs)        00000
__CFG_USBLSCLK$48MHz                    (abs)        00000
__CFG_WDTE$OFF                          (abs)        00000
__CFG_WRT$OFF                           (abs)        00000
__Habs1                                 abs1         00000
__Hbank0                                bank0        00000
__Hbank1                                bank1        00000
__Hbank10                               bank10       00000
__Hbank11                               bank11       00000
__Hbank12                               bank12       00000
__Hbank13                               bank13       00000
__Hbank14                               bank14       00000
__Hbank15                               bank15       00000
__Hbank16                               bank16       00000
__Hbank17                               bank17       00000
__Hbank18                               bank18       00000
__Hbank19                               bank19       00000
__Hbank2                                bank2        00000
__Hbank20                               bank20       00000
__Hbank21                               bank21       00000
__Hbank22                               bank22       00000
__Hbank23                               bank23       00000
__Hbank24                               bank24       00000
__Hbank25                               bank25       00000
__Hbank26                               bank26       00000
__Hbank27                               bank27       00000
__Hbank28                               bank28       00000
__Hbank29                               bank29       00000
__Hbank3                                bank3        00000
__Hbank30                               bank30       00000
__Hbank31                               bank31       00000
__Hbank4                                bank4        00000
__Hbank5                                bank5        00000
__Hbank6                                bank6        00000
__Hbank7                                bank7        00000
__Hbank8                                bank8        00000
__Hbank9                                bank9        00000
__Hbigram                               bigram       00000
__HbssBANK0                             bssBANK0     00000
__HbssBANK1                             bssBANK1     00000
__HbssCOMMON                            bssCOMMON    00000
__Hcinit                                cinit        00078
__Hclrtext                              clrtext      00000
__Hcode                                 code         00000
__Hcommon                               common       00000
__Hconfig                               config       08009
__HcstackBANK0                          cstackBANK0  00000
__HcstackCOMMON                         cstackCOMMON 00000
__HdataBANK0                            dataBANK0    00000
__HdataBANK1                            dataBANK1    00000
__Heeprom_data                          eeprom_data  00000
__Hend_init                             end_init     0003F
__Hfunctab                              functab      00000
__HidataBANK0                           idataBANK0   00000
__HidataBANK1                           idataBANK1   00000
__Hidloc                                idloc        00000
__Hinit                                 init         0003D
__Hinittext                             inittext     00000
__Hintentry                             intentry     0003D
__Hmaintext                             maintext     00000
__Hpowerup                              powerup      00000
__Hram                                  ram          00000
__Hreset_vec                            reset_vec    00002
__Hsfr0                                 sfr0         00000
__Hsfr1                                 sfr1         00000
__Hsfr10                                sfr10        00000
__Hsfr11                                sfr11        00000
__Hsfr12                                sfr12        00000
__Hsfr13                                sfr13        00000
__Hsfr14                                sfr14        00000
__Hsfr15                                sfr15        00000
__Hsfr16                                sfr16        00000
__Hsfr17                                sfr17        00000
__Hsfr18                                sfr18        00000
__Hsfr19                                sfr19        00000
__Hsfr2                                 sfr2         00000
__Hsfr20                                sfr20        00000
__Hsfr21                                sfr21        00000
__Hsfr22                                sfr22        00000
__Hsfr23                                sfr23        00000
__Hsfr24                                sfr24        00000
__Hsfr25                                sfr25        00000
__Hsfr26                                sfr26        00000
__Hsfr27                                sfr27        00000
__Hsfr28                                sfr28        00000
__Hsfr29                                sfr29        00000
__Hsfr3                                 sfr3         00000
__Hsfr30                                sfr30        00000
__Hsfr31                                sfr31        00000
__Hsfr4                                 sfr4         00000
__Hsfr5                                 sfr5         00000
__Hsfr6                                 sfr6         00000
__Hsfr7                                 sfr7         00000
__Hsfr8                                 sfr8         00000
__Hsfr9                                 sfr9         00000
__Hspace_0                              (abs)        08009
__Hspace_1                              (abs)        000C6
__Hspace_2                              (abs)        00000
__Hspace_3                              (abs)        00000
__Hstack                                stack        00000
__Hstrings                              strings      00000
__Hstringtext1                          stringtext1  00000
__Hstringtext2                          stringtext2  00000
__Hstringtext3                          stringtext3  00000
__Hstringtext4                          stringtext4  00000
__Htext                                 text         00000
__Labs1                                 abs1         00000
__Lbank0                                bank0        00000
__Lbank1                                bank1        00000
__Lbank10                               bank10       00000
__Lbank11                               bank11       00000
__Lbank12                               bank12       00000
__Lbank13                               bank13       00000
__Lbank14                               bank14       00000
__Lbank15                               bank15       00000
__Lbank16                               bank16       00000
__Lbank17                               bank17       00000
__Lbank18                               bank18       00000
__Lbank19                               bank19       00000
__Lbank2                                bank2        00000
__Lbank20                               bank20       00000
__Lbank21                               bank21       00000
__Lbank22                               bank22       00000
__Lbank23                               bank23       00000
__Lbank24                               bank24       00000
__Lbank25                               bank25       00000
__Lbank26                               bank26       00000
__Lbank27                               bank27       00000
__Lbank28                               bank28       00000
__Lbank29                               bank29       00000
__Lbank3                                bank3        00000
__Lbank30                               bank30       00000
__Lbank31                               bank31       00000
__Lbank4                                bank4        00000
__Lbank5                                bank5        00000
__Lbank6                                bank6        00000
__Lbank7                                bank7        00000
__Lbank8                                bank8        00000
__Lbank9                                bank9        00000
__Lbigram                               bigram       00000
__LbssBANK0                             bssBANK0     00000
__LbssBANK1                             bssBANK1     00000
__LbssCOMMON                            bssCOMMON    00000
__Lcinit                                cinit        0003F
__Lclrtext                              clrtext      00000
__Lcode                                 code         00000
__Lcommon                               common       00000
__Lconfig                               config       08007
__LcstackBANK0                          cstackBANK0  00000
__LcstackCOMMON                         cstackCOMMON 00000
__LdataBANK0                            dataBANK0    00000
__LdataBANK1                            dataBANK1    00000
__Leeprom_data                          eeprom_data  00000
__Lend_init                             end_init     0003D
__Lfunctab                              functab      00000
__LidataBANK0                           idataBANK0   00000
__LidataBANK1                           idataBANK1   00000
__Lidloc                                idloc        00000
__Linit                                 init         0003D
__Linittext                             inittext     00000
__Lintentry                             intentry     00004
__Lmaintext                             maintext     00000
__Lpowerup                              powerup      00000
__Lram                                  ram          00000
__Lreset_vec                            reset_vec    00000
__Lsfr0                                 sfr0         00000
__Lsfr1                                 sfr1         00000
__Lsfr10                                sfr10        00000
__Lsfr11                                sfr11        00000
__Lsfr12                                sfr12        00000
__Lsfr13                                sfr13        00000
__Lsfr14                                sfr14        00000
__Lsfr15                                sfr15        00000
__Lsfr16                                sfr16        00000
__Lsfr17                                sfr17        00000
__Lsfr18                                sfr18        00000
__Lsfr19                                sfr19        00000
__Lsfr2                                 sfr2         00000
__Lsfr20                                sfr20        00000
__Lsfr21                                sfr21        00000
__Lsfr22                                sfr22        00000
__Lsfr23                                sfr23        00000
__Lsfr24                                sfr24        00000
__Lsfr25                                sfr25        00000
__Lsfr26                                sfr26        00000
__Lsfr27                                sfr27        00000
__Lsfr28                                sfr28        00000
__Lsfr29                                sfr29        00000
__Lsfr3                                 sfr3         00000
__Lsfr30                                sfr30        00000
__Lsfr31                                sfr31        00000
__Lsfr4                                 sfr4         00000
__Lsfr5                                 sfr5         00000
__Lsfr6                                 sfr6         00000
__Lsfr7                                 sfr7         00000
__Lsfr8                                 sfr8         00000
__Lsfr9                                 sfr9         00000
__Lspace_0                              (abs)        00000
__Lspace_1                              (abs)        00000
__Lspace_2                              (abs)        00000
__Lspace_3                              (abs)        00000
__Lstack                                stack        00000
__Lstrings                              strings      00000
__Lstringtext1                          stringtext1  00000
__Lstringtext2                          stringtext2  00000
__Lstringtext3                          stringtext3  00000
__Lstringtext4                          stringtext4  00000
__Ltext                                 text         00000
__S0                                    (abs)        08009
__S1                                    (abs)        000C6
__S2                                    (abs)        00000
___int_sp                               stack        00000
___latbits                              (abs)        00002
___sp                                   stack        00000
__end_of_ConfigureOscillator            text29       00F28
__end_of_FM17522_firmware_reference     stringtext1  00621
__end_of_FlushTXRX                      text25       00F86
__end_of_InitApp                        text24       01000
__end_of_MFRC522_AntennaOn              text16       00F1E
__end_of_MFRC522_AntiColl               text13       004D2
__end_of_MFRC522_CRC                    text19       00532
__end_of_MFRC522_Clear_Bit              text21       00F97
__end_of_MFRC522_Halt                   text17       0071A
__end_of_MFRC522_Init                   text14       005E1
__end_of_MFRC522_ReadCardSerial         text12       00FE6
__end_of_MFRC522_Request                text10       00750
__end_of_MFRC522_Reset                  text15       00F04
__end_of_MFRC522_SelectTag              text11       00590
__end_of_MFRC522_Set_Bit                text20       00F76
__end_of_MFRC522_ToCard                 text18       00367
__end_of_MFRC522_firmware_referenceV0_0 stringtext4  006E1
__end_of_MFRC522_firmware_referenceV1_0 stringtext3  006A1
__end_of_MFRC522_firmware_referenceV2_0 stringtext2  00661
__end_of_MFRC522_isCard                 text9        00FA8
__end_of_ReadPayload                    text8        00778
__end_of_ReadRegister                   text23       00FBB
__end_of_ReadRegisterRF                 text2        00FD0
__end_of_SPI_init                       text7        007FA
__end_of_SPI_transfer                   text28       00EFC
__end_of_WriteAddress                   text5        0079F
__end_of_WriteCommand                   text27       00F15
__end_of_WritePayload                   text6        007C3
__end_of_WriteRegister                  text22       00F67
__end_of_WriteRegisterRF                text26       00F59
__end_of__initialization                cinit        00074
__end_of_isr                            intentry     0003D
__end_of_main                           maintext     0023D
__end_of_nRF_Setup_Read                 text4        00472
__end_of_nRF_Setup_Write                text3        003ED
__end_of_nRF_available                  text1        00F33
__initialization                        cinit        0003F
__pbssBANK0                             bssBANK0     0006E
__pbssBANK1                             bssBANK1     000BC
__pbssBIGRAM                            (abs)        0238C
__pbssCOMMON                            bssCOMMON    0007A
__pcstackBANK0                          cstackBANK0  00020
__pcstackCOMMON                         cstackCOMMON 00070
__pdataBANK0                            dataBANK0    00066
__pdataBANK1                            dataBANK1    000A0
__pidataBANK0                           idataBANK0   00F04
__pidataBANK1                           idataBANK1   007C3
__pintentry                             intentry     00004
__pmaintext                             maintext     00078
__pstringtext1                          stringtext1  005E1
__pstringtext2                          stringtext2  00621
__pstringtext3                          stringtext3  00661
__pstringtext4                          stringtext4  006A1
__ptext1                                text1        00F28
__ptext10                               text10       0071A
__ptext11                               text11       00532
__ptext12                               text12       00FD0
__ptext13                               text13       00472
__ptext14                               text14       00590
__ptext15                               text15       00EFC
__ptext16                               text16       00F15
__ptext17                               text17       006E1
__ptext18                               text18       0023D
__ptext19                               text19       004D2
__ptext2                                text2        00FBB
__ptext20                               text20       00F67
__ptext21                               text21       00F86
__ptext22                               text22       00F59
__ptext23                               text23       00FA8
__ptext24                               text24       00FE6
__ptext25                               text25       00F76
__ptext26                               text26       00F4B
__ptext27                               text27       00F0C
__ptext28                               text28       00EF4
__ptext29                               text29       00F1E
__ptext3                                text3        00367
__ptext4                                text4        003ED
__ptext5                                text5        00778
__ptext6                                text6        0079F
__ptext7                                text7        007DF
__ptext8                                text8        00750
__ptext9                                text9        00F97
__size_of_ConfigureOscillator           (abs)        00000
__size_of_FlushTXRX                     (abs)        00000
__size_of_InitApp                       (abs)        00000
__size_of_MFRC522_AntennaOn             (abs)        00000
__size_of_MFRC522_AntiColl              (abs)        00000
__size_of_MFRC522_CRC                   (abs)        00000
__size_of_MFRC522_Clear_Bit             (abs)        00000
__size_of_MFRC522_Halt                  (abs)        00000
__size_of_MFRC522_Init                  (abs)        00000
__size_of_MFRC522_ReadCardSerial        (abs)        00000
__size_of_MFRC522_Request               (abs)        00000
__size_of_MFRC522_Reset                 (abs)        00000
__size_of_MFRC522_SelectTag             (abs)        00000
__size_of_MFRC522_Set_Bit               (abs)        00000
__size_of_MFRC522_ToCard                (abs)        00000
__size_of_MFRC522_isCard                (abs)        00000
__size_of_ReadPayload                   (abs)        00000
__size_of_ReadRegister                  (abs)        00000
__size_of_ReadRegisterRF                (abs)        00000
__size_of_SPI_init                      (abs)        00000
__size_of_SPI_transfer                  (abs)        00000
__size_of_WriteAddress                  (abs)        00000
__size_of_WriteCommand                  (abs)        00000
__size_of_WritePayload                  (abs)        00000
__size_of_WriteRegister                 (abs)        00000
__size_of_WriteRegisterRF               (abs)        00000
__size_of_isr                           (abs)        00000
__size_of_main                          (abs)        00000
__size_of_nRF_Setup_Read                (abs)        00000
__size_of_nRF_Setup_Write               (abs)        00000
__size_of_nRF_available                 (abs)        00000
_buffer                                 (abs)        0238C
_isr                                    intentry     00004
_main                                   maintext     00078
_nRF_Setup_Read                         text4        003ED
_nRF_Setup_Write                        text3        00367
_nRF_available                          text1        00F28
btemp                                   (abs)        0007E
clear_ram0                              clrtext      00F33
end_of_initialization                   cinit        00074
init_ram                                inittext     00F3F
int$flags                               (abs)        0007E
intlevel0                               functab      00000
intlevel1                               functab      00000
intlevel2                               functab      00000
intlevel3                               functab      00000
intlevel4                               functab      00000
intlevel5                               functab      00000
main@F3009                              dataBANK1    000AF
main@F3017                              bssBANK1     000C1
main@F3024                              bssBANK1     000BC
main@TagType                            cstackBANK0  00065
main@UID                                cstackBANK0  0005E
main@data                               cstackBANK0  00059
main@data0                              cstackBANK0  0004F
main@data2                              cstackBANK0  00054
main@i                                  cstackBANK0  00064
main@size                               cstackBANK0  0004E
main@version                            cstackBANK0  0004C
nRF_Setup_Read@RXTX_ADDR                cstackBANK0  00022
nRF_Setup_Write@RXTX_ADDR               cstackBANK0  00022
reset_vec                               reset_vec    00000
stackhi                                 (abs)        0238B
stacklo                                 (abs)        02076
start                                   init         0003D
start_initialization                    cinit        0003F
wtemp0                                  (abs)        0007E


FUNCTION INFORMATION:

 *************** function _main *****************
 Defined at:
		line 64 in file "try_rfid.c"
 Parameters:    Size  Location     Type
		None
 Auto vars:     Size  Location     Type
  data2           5   52[BANK0 ] unsigned char [5]
  data            5   57[BANK0 ] unsigned char [5]
  data0           5   47[BANK0 ] unsigned char [5]
  msg            12    0        unsigned char [12]
  UID             6   62[BANK0 ] unsigned char [6]
  version         2   44[BANK0 ] unsigned int 
  TagType         1   69[BANK0 ] unsigned char 
  i               1   68[BANK0 ] unsigned char 
  size            1   46[BANK0 ] unsigned char 
 Return value:  Size  Location     Type
                  1    wreg      void 
 Registers used:
		wreg, fsr0l, fsr0h, fsr1l, fsr1h, status,2, status,0, pclath, cstack
 Tracked objects:
		On entry : 
		On exit  : 
		Unchanged: 
 Data sizes:     COMMON   BANK0   BANK1   BANK2   BANK3   BANK4   BANK5   BANK6   BANK7   BANK8   BANK9  BANK10  BANK11  BANK12
      Params:         0       0       0       0       0       0       0       0       0       0       0       0       0       0
      Locals:         0      26       0       0       0       0       0       0       0       0       0       0       0       0
      Temps:          0       2       0       0       0       0       0       0       0       0       0       0       0       0
      Totals:         0      28       0       0       0       0       0       0       0       0       0       0       0       0
Total ram usage:       28 bytes
 Hardware stack levels required when called:    7
 This function calls:
		_ConfigureOscillator
		_FlushTXRX
		_InitApp
		_MFRC522_Halt
		_MFRC522_Init
		_MFRC522_ReadCardSerial
		_MFRC522_SelectTag
		_MFRC522_isCard
		_ReadPayload
		_ReadRegister
		_SPI_init
		_WritePayload
		_WriteRegister
		_WriteRegisterRF
		_nRF_Setup_Read
		_nRF_Setup_Write
		_nRF_available
 This function is called by:
		Startup code after reset
 This function uses a non-reentrant model


 *************** function _nRF_available *****************
 Defined at:
		line 157 in file "nRF24L01P.c"
 Parameters:    Size  Location     Type
		None
 Auto vars:     Size  Location     Type
		None
 Return value:  Size  Location     Type
                  1    wreg      unsigned char 
 Registers used:
		wreg, status,2, status,0, pclath, cstack
 Tracked objects:
		On entry : 
		On exit  : 
		Unchanged: 
 Data sizes:     COMMON   BANK0   BANK1   BANK2   BANK3   BANK4   BANK5   BANK6   BANK7   BANK8   BANK9  BANK10  BANK11  BANK12
      Params:         0       0       0       0       0       0       0       0       0       0       0       0       0       0
      Locals:         0       0       0       0       0       0       0       0       0       0       0       0       0       0
      Temps:          0       0       0       0       0       0       0       0       0       0       0       0       0       0
      Totals:         0       0       0       0       0       0       0       0       0       0       0       0       0       0
Total ram usage:        0 bytes
 Hardware stack levels used:    1
 Hardware stack levels required when called:    3
 This function calls:
		_ReadRegisterRF
 This function is called by:
		_main
 This function uses a non-reentrant model


 *************** function _ReadRegisterRF *****************
 Defined at:
		line 47 in file "nRF24L01P.c"
 Parameters:    Size  Location     Type
  reg             1    wreg     unsigned char 
 Auto vars:     Size  Location     Type
  reg             1    4[COMMON] unsigned char 
  temp1           1    6[COMMON] unsigned char 
  temp            1    5[COMMON] unsigned char 
 Return value:  Size  Location     Type
                  1    wreg      unsigned char 
 Registers used:
		wreg, status,2, status,0, pclath, cstack
 Tracked objects:
		On entry : 
		On exit  : 
		Unchanged: 
 Data sizes:     COMMON   BANK0   BANK1   BANK2   BANK3   BANK4   BANK5   BANK6   BANK7   BANK8   BANK9  BANK10  BANK11  BANK12
      Params:         0       0       0       0       0       0       0       0       0       0       0       0       0       0
      Locals:         3       0       0       0       0       0       0       0       0       0       0       0       0       0
      Temps:          1       0       0       0       0       0       0       0       0       0       0       0       0       0
      Totals:         4       0       0       0       0       0       0       0       0       0       0       0       0       0
Total ram usage:        4 bytes
 Hardware stack levels used:    1
 Hardware stack levels required when called:    2
 This function calls:
		_SPI_transfer
 This function is called by:
		_nRF_available
 This function uses a non-reentrant model


 *************** function _nRF_Setup_Write *****************
 Defined at:
		line 95 in file "nRF24L01P.c"
 Parameters:    Size  Location     Type
		None
 Auto vars:     Size  Location     Type
  RXTX_ADDR       5    2[BANK0 ] unsigned char [5]
 Return value:  Size  Location     Type
                  1    wreg      void 
 Registers used:
		wreg, fsr1l, fsr1h, status,2, status,0, pclath, cstack
 Tracked objects:
		On entry : 
		On exit  : 
		Unchanged: 
 Data sizes:     COMMON   BANK0   BANK1   BANK2   BANK3   BANK4   BANK5   BANK6   BANK7   BANK8   BANK9  BANK10  BANK11  BANK12
      Params:         0       0       0       0       0       0       0       0       0       0       0       0       0       0
      Locals:         0       5       0       0       0       0       0       0       0       0       0       0       0       0
      Temps:          0       2       0       0       0       0       0       0       0       0       0       0       0       0
      Totals:         0       7       0       0       0       0       0       0       0       0       0       0       0       0
Total ram usage:        7 bytes
 Hardware stack levels used:    1
 Hardware stack levels required when called:    3
 This function calls:
		_WriteAddress
		_WriteRegisterRF
 This function is called by:
		_main
 This function uses a non-reentrant model


 *************** function _nRF_Setup_Read *****************
 Defined at:
		line 125 in file "nRF24L01P.c"
 Parameters:    Size  Location     Type
		None
 Auto vars:     Size  Location     Type
  RXTX_ADDR       5    2[BANK0 ] unsigned char [5]
 Return value:  Size  Location     Type
                  1    wreg      void 
 Registers used:
		wreg, fsr1l, fsr1h, status,2, status,0, pclath, cstack
 Tracked objects:
		On entry : 
		On exit  : 
		Unchanged: 
 Data sizes:     COMMON   BANK0   BANK1   BANK2   BANK3   BANK4   BANK5   BANK6   BANK7   BANK8   BANK9  BANK10  BANK11  BANK12
      Params:         0       0       0       0       0       0       0       0       0       0       0       0       0       0
      Locals:         0       5       0       0       0       0       0       0       0       0       0       0       0       0
      Temps:          0       2       0       0       0       0       0       0       0       0       0       0       0       0
      Totals:         0       7       0       0       0       0       0       0       0       0       0       0       0       0
Total ram usage:        7 bytes
 Hardware stack levels used:    1
 Hardware stack levels required when called:    3
 This function calls:
		_WriteAddress
		_WriteRegisterRF
 This function is called by:
		_main
 This function uses a non-reentrant model


 *************** function _WriteAddress *****************
 Defined at:
		line 38 in file "nRF24L01P.c"
 Parameters:    Size  Location     Type
  reg             1    wreg     unsigned char 
  num             1    3[COMMON] unsigned char 
  addr            1    4[COMMON] PTR unsigned char 
		 -> nRF_Setup_Read@RXTX_ADDR(5), nRF_Setup_Write@RXTX_ADDR(5), 
 Auto vars:     Size  Location     Type
  reg             1    6[COMMON] unsigned char 
  i               2    7[COMMON] int 
 Return value:  Size  Location     Type
                  1    wreg      void 
 Registers used:
		wreg, fsr1l, fsr1h, status,2, status,0, pclath, cstack
 Tracked objects:
		On entry : 
		On exit  : 
		Unchanged: 
 Data sizes:     COMMON   BANK0   BANK1   BANK2   BANK3   BANK4   BANK5   BANK6   BANK7   BANK8   BANK9  BANK10  BANK11  BANK12
      Params:         2       0       0       0       0       0       0       0       0       0       0       0       0       0
      Locals:         3       0       0       0       0       0       0       0       0       0       0       0       0       0
      Temps:          1       0       0       0       0       0       0       0       0       0       0       0       0       0
      Totals:         6       0       0       0       0       0       0       0       0       0       0       0       0       0
Total ram usage:        6 bytes
 Hardware stack levels used:    1
 Hardware stack levels required when called:    2
 This function calls:
		_SPI_transfer
 This function is called by:
		_nRF_Setup_Write
		_nRF_Setup_Read
 This function uses a non-reentrant model


 *************** function _WritePayload *****************
 Defined at:
		line 69 in file "nRF24L01P.c"
 Parameters:    Size  Location     Type
  num             1    wreg     unsigned char 
  data            1    3[COMMON] PTR unsigned char 
		 -> main@data(5), main@data0(5), 
 Auto vars:     Size  Location     Type
  num             1    5[COMMON] unsigned char 
  i               1    6[COMMON] unsigned char 
 Return value:  Size  Location     Type
                  1    wreg      void 
 Registers used:
		wreg, fsr1l, fsr1h, status,2, status,0, pclath, cstack
 Tracked objects:
		On entry : 
		On exit  : 
		Unchanged: 
 Data sizes:     COMMON   BANK0   BANK1   BANK2   BANK3   BANK4   BANK5   BANK6   BANK7   BANK8   BANK9  BANK10  BANK11  BANK12
      Params:         1       0       0       0       0       0       0       0       0       0       0       0       0       0
      Locals:         2       0       0       0       0       0       0       0       0       0       0       0       0       0
      Temps:          1       0       0       0       0       0       0       0       0       0       0       0       0       0
      Totals:         4       0       0       0       0       0       0       0       0       0       0       0       0       0
Total ram usage:        4 bytes
 Hardware stack levels used:    1
 Hardware stack levels required when called:    2
 This function calls:
		_SPI_transfer
 This function is called by:
		_main
 This function uses a non-reentrant model


 *************** function _SPI_init *****************
 Defined at:
		line 14 in file "spi.c"
 Parameters:    Size  Location     Type
		None
 Auto vars:     Size  Location     Type
		None
 Return value:  Size  Location     Type
                  1    wreg      void 
 Registers used:
		wreg, status,2, status,0
 Tracked objects:
		On entry : 
		On exit  : 
		Unchanged: 
 Data sizes:     COMMON   BANK0   BANK1   BANK2   BANK3   BANK4   BANK5   BANK6   BANK7   BANK8   BANK9  BANK10  BANK11  BANK12
      Params:         0       0       0       0       0       0       0       0       0       0       0       0       0       0
      Locals:         0       0       0       0       0       0       0       0       0       0       0       0       0       0
      Temps:          0       0       0       0       0       0       0       0       0       0       0       0       0       0
      Totals:         0       0       0       0       0       0       0       0       0       0       0       0       0       0
Total ram usage:        0 bytes
 Hardware stack levels used:    1
 Hardware stack levels required when called:    1
 This function calls:
		Nothing
 This function is called by:
		_main
 This function uses a non-reentrant model


 *************** function _ReadPayload *****************
 Defined at:
		line 82 in file "nRF24L01P.c"
 Parameters:    Size  Location     Type
  num             1    wreg     unsigned char 
  data            1    3[COMMON] PTR unsigned char 
		 -> main@data2(5), 
 Auto vars:     Size  Location     Type
  num             1    6[COMMON] unsigned char 
  i               1    7[COMMON] unsigned char 
 Return value:  Size  Location     Type
                  1    wreg      void 
 Registers used:
		wreg, fsr1l, fsr1h, status,2, status,0, pclath, cstack
 Tracked objects:
		On entry : 
		On exit  : 
		Unchanged: 
 Data sizes:     COMMON   BANK0   BANK1   BANK2   BANK3   BANK4   BANK5   BANK6   BANK7   BANK8   BANK9  BANK10  BANK11  BANK12
      Params:         1       0       0       0       0       0       0       0       0       0       0       0       0       0
      Locals:         2       0       0       0       0       0       0       0       0       0       0       0       0       0
      Temps:          2       0       0       0       0       0       0       0       0       0       0       0       0       0
      Totals:         5       0       0       0       0       0       0       0       0       0       0       0       0       0
Total ram usage:        5 bytes
 Hardware stack levels used:    1
 Hardware stack levels required when called:    2
 This function calls:
		_SPI_transfer
 This function is called by:
		_main
 This function uses a non-reentrant model


 *************** function _MFRC522_isCard *****************
 Defined at:
		line 554 in file "rc522.c"
 Parameters:    Size  Location     Type
  TagType         1    wreg     PTR unsigned char 
		 -> main@TagType(1), 
 Auto vars:     Size  Location     Type
  TagType         1   32[BANK0 ] PTR unsigned char 
		 -> main@TagType(1), 
 Return value:  Size  Location     Type
                  1    wreg      unsigned char 
 Registers used:
		wreg, fsr0l, fsr0h, fsr1l, fsr1h, status,2, status,0, pclath, cstack
 Tracked objects:
		On entry : 
		On exit  : 
		Unchanged: 
 Data sizes:     COMMON   BANK0   BANK1   BANK2   BANK3   BANK4   BANK5   BANK6   BANK7   BANK8   BANK9  BANK10  BANK11  BANK12
      Params:         0       0       0       0       0       0       0       0       0       0       0       0       0       0
      Locals:         0       1       0       0       0       0       0       0       0       0       0       0       0       0
      Temps:          0       1       0       0       0       0       0       0       0       0       0       0       0       0
      Totals:         0       2       0       0       0       0       0       0       0       0       0       0       0       0
Total ram usage:        2 bytes
 Hardware stack levels used:    1
 Hardware stack levels required when called:    6
 This function calls:
		_MFRC522_Request
 This function is called by:
		_main
 This function uses a non-reentrant model


 *************** function _MFRC522_Request *****************
 Defined at:
		line 266 in file "rc522.c"
 Parameters:    Size  Location     Type
  reqMode         1    wreg     unsigned char 
  TagType         1   22[BANK0 ] PTR unsigned char 
		 -> main@TagType(1), 
 Auto vars:     Size  Location     Type
  reqMode         1   27[BANK0 ] unsigned char 
  backBits        2   29[BANK0 ] unsigned int 
  _status         1   28[BANK0 ] unsigned char 
 Return value:  Size  Location     Type
                  1    wreg      unsigned char 
 Registers used:
		wreg, fsr0l, fsr0h, fsr1l, fsr1h, status,2, status,0, pclath, cstack
 Tracked objects:
		On entry : 
		On exit  : 
		Unchanged: 
 Data sizes:     COMMON   BANK0   BANK1   BANK2   BANK3   BANK4   BANK5   BANK6   BANK7   BANK8   BANK9  BANK10  BANK11  BANK12
      Params:         0       1       0       0       0       0       0       0       0       0       0       0       0       0
      Locals:         0       4       0       0       0       0       0       0       0       0       0       0       0       0
      Temps:          0       4       0       0       0       0       0       0       0       0       0       0       0       0
      Totals:         0       9       0       0       0       0       0       0       0       0       0       0       0       0
Total ram usage:        9 bytes
 Hardware stack levels used:    1
 Hardware stack levels required when called:    5
 This function calls:
		_MFRC522_ToCard
		_WriteRegister
 This function is called by:
		_MFRC522_isCard
 This function uses a non-reentrant model


 *************** function _MFRC522_SelectTag *****************
 Defined at:
		line 391 in file "rc522.c"
 Parameters:    Size  Location     Type
  serNum          1    wreg     PTR unsigned char 
		 -> main@UID(6), 
 Auto vars:     Size  Location     Type
  serNum          1   37[BANK0 ] PTR unsigned char 
		 -> main@UID(6), 
  buffer          9   27[BANK0 ] unsigned char [9]
  recvBits        2   39[BANK0 ] unsigned int 
  i               1   41[BANK0 ] unsigned char 
  size            1   38[BANK0 ] unsigned char 
  _status         1   36[BANK0 ] unsigned char 
 Return value:  Size  Location     Type
                  1    wreg      unsigned char 
 Registers used:
		wreg, fsr0l, fsr0h, fsr1l, fsr1h, status,2, status,0, pclath, cstack
 Tracked objects:
		On entry : 
		On exit  : 
		Unchanged: 
 Data sizes:     COMMON   BANK0   BANK1   BANK2   BANK3   BANK4   BANK5   BANK6   BANK7   BANK8   BANK9  BANK10  BANK11  BANK12
      Params:         0       0       0       0       0       0       0       0       0       0       0       0       0       0
      Locals:         0      15       0       0       0       0       0       0       0       0       0       0       0       0
      Temps:          0       5       0       0       0       0       0       0       0       0       0       0       0       0
      Totals:         0      20       0       0       0       0       0       0       0       0       0       0       0       0
Total ram usage:       20 bytes
 Hardware stack levels used:    1
 Hardware stack levels required when called:    5
 This function calls:
		_MFRC522_CRC
		_MFRC522_ToCard
 This function is called by:
		_main
 This function uses a non-reentrant model


 *************** function _MFRC522_ReadCardSerial *****************
 Defined at:
		line 563 in file "rc522.c"
 Parameters:    Size  Location     Type
  str             1    wreg     PTR unsigned char 
		 -> main@UID(6), 
 Auto vars:     Size  Location     Type
  str             1   35[BANK0 ] PTR unsigned char 
		 -> main@UID(6), 
  _status         1   34[BANK0 ] unsigned char 
 Return value:  Size  Location     Type
                  1    wreg      unsigned char 
 Registers used:
		wreg, fsr0l, fsr0h, fsr1l, fsr1h, status,2, status,0, pclath, cstack
 Tracked objects:
		On entry : 
		On exit  : 
		Unchanged: 
 Data sizes:     COMMON   BANK0   BANK1   BANK2   BANK3   BANK4   BANK5   BANK6   BANK7   BANK8   BANK9  BANK10  BANK11  BANK12
      Params:         0       0       0       0       0       0       0       0       0       0       0       0       0       0
      Locals:         0       2       0       0       0       0       0       0       0       0       0       0       0       0
      Temps:          0       1       0       0       0       0       0       0       0       0       0       0       0       0
      Totals:         0       3       0       0       0       0       0       0       0       0       0       0       0       0
Total ram usage:        3 bytes
 Hardware stack levels used:    1
 Hardware stack levels required when called:    6
 This function calls:
		_MFRC522_AntiColl
 This function is called by:
		_main
 This function uses a non-reentrant model


 *************** function _MFRC522_AntiColl *****************
 Defined at:
		line 520 in file "rc522.c"
 Parameters:    Size  Location     Type
  serNum          1    wreg     PTR unsigned char 
		 -> main@UID(6), 
 Auto vars:     Size  Location     Type
  serNum          1   32[BANK0 ] PTR unsigned char 
		 -> main@UID(6), 
  unLen           2   28[BANK0 ] unsigned int 
  i               1   31[BANK0 ] unsigned char 
  _status         1   30[BANK0 ] unsigned char 
  serNumCheck     1   27[BANK0 ] unsigned char 
 Return value:  Size  Location     Type
                  1    wreg      unsigned char 
 Registers used:
		wreg, fsr0l, fsr0h, fsr1l, fsr1h, status,2, status,0, pclath, cstack
 Tracked objects:
		On entry : 
		On exit  : 
		Unchanged: 
 Data sizes:     COMMON   BANK0   BANK1   BANK2   BANK3   BANK4   BANK5   BANK6   BANK7   BANK8   BANK9  BANK10  BANK11  BANK12
      Params:         0       0       0       0       0       0       0       0       0       0       0       0       0       0
      Locals:         0       6       0       0       0       0       0       0       0       0       0       0       0       0
      Temps:          0       5       0       0       0       0       0       0       0       0       0       0       0       0
      Totals:         0      11       0       0       0       0       0       0       0       0       0       0       0       0
Total ram usage:       11 bytes
 Hardware stack levels used:    1
 Hardware stack levels required when called:    5
 This function calls:
		_MFRC522_Clear_Bit
		_MFRC522_ToCard
		_WriteRegister
 This function is called by:
		_MFRC522_ReadCardSerial
 This function uses a non-reentrant model


 *************** function _MFRC522_Init *****************
 Defined at:
		line 82 in file "rc522.c"
 Parameters:    Size  Location     Type
		None
 Auto vars:     Size  Location     Type
		None
 Return value:  Size  Location     Type
                  1    wreg      void 
 Registers used:
		wreg, status,2, status,0, pclath, cstack
 Tracked objects:
		On entry : 
		On exit  : 
		Unchanged: 
 Data sizes:     COMMON   BANK0   BANK1   BANK2   BANK3   BANK4   BANK5   BANK6   BANK7   BANK8   BANK9  BANK10  BANK11  BANK12
      Params:         0       0       0       0       0       0       0       0       0       0       0       0       0       0
      Locals:         0       0       0       0       0       0       0       0       0       0       0       0       0       0
      Temps:          0       1       0       0       0       0       0       0       0       0       0       0       0       0
      Totals:         0       1       0       0       0       0       0       0       0       0       0       0       0       0
Total ram usage:        1 bytes
 Hardware stack levels used:    1
 Hardware stack levels required when called:    5
 This function calls:
		_MFRC522_AntennaOn
		_MFRC522_Reset
		_WriteRegister
 This function is called by:
		_main
 This function uses a non-reentrant model


 *************** function _MFRC522_Reset *****************
 Defined at:
		line 69 in file "rc522.c"
 Parameters:    Size  Location     Type
		None
 Auto vars:     Size  Location     Type
		None
 Return value:  Size  Location     Type
                  1    wreg      void 
 Registers used:
		wreg, status,2, status,0, pclath, cstack
 Tracked objects:
		On entry : 
		On exit  : 
		Unchanged: 
 Data sizes:     COMMON   BANK0   BANK1   BANK2   BANK3   BANK4   BANK5   BANK6   BANK7   BANK8   BANK9  BANK10  BANK11  BANK12
      Params:         0       0       0       0       0       0       0       0       0       0       0       0       0       0
      Locals:         0       0       0       0       0       0       0       0       0       0       0       0       0       0
      Temps:          1       0       0       0       0       0       0       0       0       0       0       0       0       0
      Totals:         1       0       0       0       0       0       0       0       0       0       0       0       0       0
Total ram usage:        1 bytes
 Hardware stack levels used:    1
 Hardware stack levels required when called:    3
 This function calls:
		_WriteRegister
 This function is called by:
		_MFRC522_Init
 This function uses a non-reentrant model


 *************** function _MFRC522_AntennaOn *****************
 Defined at:
		line 74 in file "rc522.c"
 Parameters:    Size  Location     Type
		None
 Auto vars:     Size  Location     Type
		None
 Return value:  Size  Location     Type
                  1    wreg      void 
 Registers used:
		wreg, status,2, status,0, pclath, cstack
 Tracked objects:
		On entry : 
		On exit  : 
		Unchanged: 
 Data sizes:     COMMON   BANK0   BANK1   BANK2   BANK3   BANK4   BANK5   BANK6   BANK7   BANK8   BANK9  BANK10  BANK11  BANK12
      Params:         0       0       0       0       0       0       0       0       0       0       0       0       0       0
      Locals:         0       0       0       0       0       0       0       0       0       0       0       0       0       0
      Temps:          0       1       0       0       0       0       0       0       0       0       0       0       0       0
      Totals:         0       1       0       0       0       0       0       0       0       0       0       0       0       0
Total ram usage:        1 bytes
 Hardware stack levels used:    1
 Hardware stack levels required when called:    4
 This function calls:
		_MFRC522_Set_Bit
 This function is called by:
		_MFRC522_Init
 This function uses a non-reentrant model


 *************** function _MFRC522_Halt *****************
 Defined at:
		line 425 in file "rc522.c"
 Parameters:    Size  Location     Type
		None
 Auto vars:     Size  Location     Type
  buff            4   26[BANK0 ] unsigned char [4]
  unLen           2   30[BANK0 ] unsigned int 
 Return value:  Size  Location     Type
                  1    wreg      void 
 Registers used:
		wreg, fsr0l, fsr0h, fsr1l, fsr1h, status,2, status,0, pclath, cstack
 Tracked objects:
		On entry : 
		On exit  : 
		Unchanged: 
 Data sizes:     COMMON   BANK0   BANK1   BANK2   BANK3   BANK4   BANK5   BANK6   BANK7   BANK8   BANK9  BANK10  BANK11  BANK12
      Params:         0       0       0       0       0       0       0       0       0       0       0       0       0       0
      Locals:         0       6       0       0       0       0       0       0       0       0       0       0       0       0
      Temps:          0       4       0       0       0       0       0       0       0       0       0       0       0       0
      Totals:         0      10       0       0       0       0       0       0       0       0       0       0       0       0
Total ram usage:       10 bytes
 Hardware stack levels used:    1
 Hardware stack levels required when called:    5
 This function calls:
		_MFRC522_CRC
		_MFRC522_Clear_Bit
		_MFRC522_ToCard
 This function is called by:
		_main
 This function uses a non-reentrant model


 *************** function _MFRC522_ToCard *****************
 Defined at:
		line 131 in file "rc522.c"
 Parameters:    Size  Location     Type
  command         1    wreg     unsigned char 
  sendData        1    2[BANK0 ] PTR unsigned char 
		 -> MFRC522_Write@buff(18), MFRC522_Auth@buff(12), MFRC522_Halt@buff(4), MFRC522_SelectTag@buffer(9), 
		 -> main@UID(6), main@TagType(1), 
  sendLen         1    3[BANK0 ] unsigned char 
  backData        1    4[BANK0 ] PTR unsigned char 
		 -> MFRC522_Write@buff(18), MFRC522_Auth@buff(12), MFRC522_Halt@buff(4), MFRC522_SelectTag@buffer(9), 
		 -> main@UID(6), main@TagType(1), 
  backLen         1    5[BANK0 ] PTR unsigned int 
[...]
		_MFRC522_Request
		_MFRC522_SelectTag
		_MFRC522_Halt
		_MFRC522_AntiColl
		_MFRC522_Auth
		_MFRC522_Write
		_MFRC522_Read
 This function uses a non-reentrant model


 *************** function _MFRC522_CRC *****************
 Defined at:
		line 361 in file "rc522.c"
 Parameters:    Size  Location     Type
  dataIn          1    wreg     PTR unsigned char 
		 -> MFRC522_Write@buff(18), MFRC522_Halt@buff(4), MFRC522_SelectTag@buffer(9), 
  length          1    2[BANK0 ] unsigned char 
  dataOut         1    3[BANK0 ] PTR unsigned char 
		 -> MFRC522_Write@buff(18), MFRC522_Halt@buff(4), MFRC522_SelectTag@buffer(9), 
 Auto vars:     Size  Location     Type
  dataIn          1    6[BANK0 ] PTR unsigned char 
		 -> MFRC522_Write@buff(18), MFRC522_Halt@buff(4), MFRC522_SelectTag@buffer(9), 
  i               1    7[BANK0 ] unsigned char 
  n               1    5[BANK0 ] unsigned char 
 Return value:  Size  Location     Type
                  1    wreg      void 
 Registers used:
		wreg, fsr1l, fsr1h, status,2, status,0, pclath, cstack
 Tracked objects:
		On entry : 
		On exit  : 
		Unchanged: 
 Data sizes:     COMMON   BANK0   BANK1   BANK2   BANK3   BANK4   BANK5   BANK6   BANK7   BANK8   BANK9  BANK10  BANK11  BANK12
      Params:         0       2       0       0       0       0       0       0       0       0       0       0       0       0
      Locals:         0       3       0       0       0       0       0       0       0       0       0       0       0       0
      Temps:          0       1       0       0       0       0       0       0       0       0       0       0       0       0
      Totals:         0       6       0       0       0       0       0       0       0       0       0       0       0       0
Total ram usage:        6 bytes
 Hardware stack levels used:    1
 Hardware stack levels required when called:    4
 This function calls:
		_MFRC522_Clear_Bit
		_MFRC522_Set_Bit
		_ReadRegister
		_WriteRegister
 This function is called by:
		_MFRC522_SelectTag
		_MFRC522_Halt
		_MFRC522_Write
		_MFRC522_Read
 This function uses a non-reentrant model


 *************** function _MFRC522_Set_Bit *****************
 Defined at:
		line 65 in file "rc522.c"
 Parameters:    Size  Location     Type
  addr            1    wreg     unsigned char 
  mask            1    8[COMMON] unsigned char 
 Auto vars:     Size  Location     Type
  addr            1    0[BANK0 ] unsigned char 
 Return value:  Size  Location     Type
                  1    wreg      void 
 Registers used:
		wreg, status,2, status,0, pclath, cstack
 Tracked objects:
		On entry : 
		On exit  : 
		Unchanged: 
 Data sizes:     COMMON   BANK0   BANK1   BANK2   BANK3   BANK4   BANK5   BANK6   BANK7   BANK8   BANK9  BANK10  BANK11  BANK12
      Params:         1       0       0       0       0       0       0       0       0       0       0       0       0       0
      Locals:         0       1       0       0       0       0       0       0       0       0       0       0       0       0
      Temps:          1       0       0       0       0       0       0       0       0       0       0       0       0       0
      Totals:         2       1       0       0       0       0       0       0       0       0       0       0       0       0
Total ram usage:        3 bytes
 Hardware stack levels used:    1
 Hardware stack levels required when called:    3
 This function calls:
		_ReadRegister
		_WriteRegister
 This function is called by:
		_MFRC522_AntennaOn
		_MFRC522_ToCard
		_MFRC522_CRC
 This function uses a non-reentrant model


 *************** function _MFRC522_Clear_Bit *****************
 Defined at:
		line 61 in file "rc522.c"
 Parameters:    Size  Location     Type
  addr            1    wreg     unsigned char 
  mask            1    8[COMMON] unsigned char 
 Auto vars:     Size  Location     Type
  addr            1    9[COMMON] unsigned char 
 Return value:  Size  Location     Type
                  1    wreg      void 
 Registers used:
		wreg, status,2, status,0, pclath, cstack
 Tracked objects:
		On entry : 
		On exit  : 
		Unchanged: 
 Data sizes:     COMMON   BANK0   BANK1   BANK2   BANK3   BANK4   BANK5   BANK6   BANK7   BANK8   BANK9  BANK10  BANK11  BANK12
      Params:         1       0       0       0       0       0       0       0       0       0       0       0       0       0
      Locals:         1       0       0       0       0       0       0       0       0       0       0       0       0       0
      Temps:          0       2       0       0       0       0       0       0       0       0       0       0       0       0
      Totals:         2       2       0       0       0       0       0       0       0       0       0       0       0       0
Total ram usage:        4 bytes
 Hardware stack levels used:    1
 Hardware stack levels required when called:    3
 This function calls:
		_ReadRegister
		_WriteRegister
 This function is called by:
		_MFRC522_ToCard
		_MFRC522_CRC
		_MFRC522_Halt
		_MFRC522_AntiColl
		_MFRC522_AntennaOff
 This function uses a non-reentrant model


 *************** function _WriteRegister *****************
 Defined at:
		line 23 in file "rc522.c"
 Parameters:    Size  Location     Type
  reg             1    wreg     unsigned char 
  val             1    6[COMMON] unsigned char 
 Auto vars:     Size  Location     Type
  reg             1    7[COMMON] unsigned char 
 Return value:  Size  Location     Type
                  1    wreg      void 
 Registers used:
		wreg, status,2, status,0, pclath, cstack
 Tracked objects:
		On entry : 
		On exit  : 
		Unchanged: 
 Data sizes:     COMMON   BANK0   BANK1   BANK2   BANK3   BANK4   BANK5   BANK6   BANK7   BANK8   BANK9  BANK10  BANK11  BANK12
      Params:         1       0       0       0       0       0       0       0       0       0       0       0       0       0
      Locals:         1       0       0       0       0       0       0       0       0       0       0       0       0       0
      Temps:          0       0       0       0       0       0       0       0       0       0       0       0       0       0
      Totals:         2       0       0       0       0       0       0       0       0       0       0       0       0       0
Total ram usage:        2 bytes
 Hardware stack levels used:    1
 Hardware stack levels required when called:    2
 This function calls:
		_SPI_transfer
 This function is called by:
		_main
		_MFRC522_Clear_Bit
		_MFRC522_Set_Bit
		_MFRC522_Reset
		_MFRC522_Init
		_MFRC522_ToCard
		_MFRC522_Request
		_MFRC522_CRC
		_MFRC522_AntiColl
 This function uses a non-reentrant model


 *************** function _ReadRegister *****************
 Defined at:
		line 44 in file "rc522.c"
 Parameters:    Size  Location     Type
  reg             1    wreg     unsigned char 
 Auto vars:     Size  Location     Type
  reg             1    4[COMMON] unsigned char 
  val             1    5[COMMON] unsigned char 
 Return value:  Size  Location     Type
                  1    wreg      unsigned char 
 Registers used:
		wreg, status,2, status,0, pclath, cstack
 Tracked objects:
		On entry : 
		On exit  : 
		Unchanged: 
 Data sizes:     COMMON   BANK0   BANK1   BANK2   BANK3   BANK4   BANK5   BANK6   BANK7   BANK8   BANK9  BANK10  BANK11  BANK12
      Params:         0       0       0       0       0       0       0       0       0       0       0       0       0       0
      Locals:         2       0       0       0       0       0       0       0       0       0       0       0       0       0
      Temps:          1       0       0       0       0       0       0       0       0       0       0       0       0       0
      Totals:         3       0       0       0       0       0       0       0       0       0       0       0       0       0
Total ram usage:        3 bytes
 Hardware stack levels used:    1
 Hardware stack levels required when called:    2
 This function calls:
		_SPI_transfer
 This function is called by:
		_main
		_MFRC522_Clear_Bit
		_MFRC522_Set_Bit
		_MFRC522_ToCard
		_MFRC522_CRC
		_MFRC522_Auth
 This function uses a non-reentrant model


 *************** function _InitApp *****************
 Defined at:
		line 20 in file "user.c"
 Parameters:    Size  Location     Type
		None
 Auto vars:     Size  Location     Type
		None
 Return value:  Size  Location     Type
                  1    wreg      void 
 Registers used:
		status,2
 Tracked objects:
		On entry : 
		On exit  : 
		Unchanged: 
 Data sizes:     COMMON   BANK0   BANK1   BANK2   BANK3   BANK4   BANK5   BANK6   BANK7   BANK8   BANK9  BANK10  BANK11  BANK12
      Params:         0       0       0       0       0       0       0       0       0       0       0       0       0       0
      Locals:         0       0       0       0       0       0       0       0       0       0       0       0       0       0
      Temps:          0       0       0       0       0       0       0       0       0       0       0       0       0       0
      Totals:         0       0       0       0       0       0       0       0       0       0       0       0       0       0
Total ram usage:        0 bytes
 Hardware stack levels used:    1
 Hardware stack levels required when called:    1
 This function calls:
		Nothing
 This function is called by:
		_main
 This function uses a non-reentrant model


 *************** function _FlushTXRX *****************
 Defined at:
		line 20 in file "nRF24L01P.c"
 Parameters:    Size  Location     Type
		None
 Auto vars:     Size  Location     Type
		None
 Return value:  Size  Location     Type
                  1    wreg      void 
 Registers used:
		wreg, status,2, status,0, pclath, cstack
 Tracked objects:
		On entry : 
		On exit  : 
		Unchanged: 
 Data sizes:     COMMON   BANK0   BANK1   BANK2   BANK3   BANK4   BANK5   BANK6   BANK7   BANK8   BANK9  BANK10  BANK11  BANK12
      Params:         0       0       0       0       0       0       0       0       0       0       0       0       0       0
      Locals:         0       0       0       0       0       0       0       0       0       0       0       0       0       0
      Temps:          1       0       0       0       0       0       0       0       0       0       0       0       0       0
      Totals:         1       0       0       0       0       0       0       0       0       0       0       0       0       0
Total ram usage:        1 bytes
 Hardware stack levels used:    1
 Hardware stack levels required when called:    3
 This function calls:
		_WriteCommand
		_WriteRegisterRF
 This function is called by:
		_main
 This function uses a non-reentrant model


 *************** function _WriteRegisterRF *****************
 Defined at:
		line 28 in file "nRF24L01P.c"
 Parameters:    Size  Location     Type
  reg             1    wreg     unsigned char 
  val             1    3[COMMON] unsigned char 
 Auto vars:     Size  Location     Type
  reg             1    4[COMMON] unsigned char 
 Return value:  Size  Location     Type
                  1    wreg      void 
 Registers used:
		wreg, status,2, status,0, pclath, cstack
 Tracked objects:
		On entry : 
		On exit  : 
		Unchanged: 
 Data sizes:     COMMON   BANK0   BANK1   BANK2   BANK3   BANK4   BANK5   BANK6   BANK7   BANK8   BANK9  BANK10  BANK11  BANK12
      Params:         1       0       0       0       0       0       0       0       0       0       0       0       0       0
      Locals:         1       0       0       0       0       0       0       0       0       0       0       0       0       0
      Temps:          0       0       0       0       0       0       0       0       0       0       0       0       0       0
      Totals:         2       0       0       0       0       0       0       0       0       0       0       0       0       0
Total ram usage:        2 bytes
 Hardware stack levels used:    1
 Hardware stack levels required when called:    2
 This function calls:
		_SPI_transfer
 This function is called by:
		_main
		_FlushTXRX
		_nRF_Setup_Write
		_nRF_Setup_Read
 This function uses a non-reentrant model


 *************** function _WriteCommand *****************
 Defined at:
		line 62 in file "nRF24L01P.c"
 Parameters:    Size  Location     Type
  command         1    wreg     unsigned char 
 Auto vars:     Size  Location     Type
  command         1    3[COMMON] unsigned char 
 Return value:  Size  Location     Type
                  1    wreg      void 
 Registers used:
		wreg, status,2, status,0, pclath, cstack
 Tracked objects:
		On entry : 
		On exit  : 
		Unchanged: 
 Data sizes:     COMMON   BANK0   BANK1   BANK2   BANK3   BANK4   BANK5   BANK6   BANK7   BANK8   BANK9  BANK10  BANK11  BANK12
      Params:         0       0       0       0       0       0       0       0       0       0       0       0       0       0
      Locals:         1       0       0       0       0       0       0       0       0       0       0       0       0       0
      Temps:          0       0       0       0       0       0       0       0       0       0       0       0       0       0
      Totals:         1       0       0       0       0       0       0       0       0       0       0       0       0       0
Total ram usage:        1 bytes
 Hardware stack levels used:    1
 Hardware stack levels required when called:    2
 This function calls:
		_SPI_transfer
 This function is called by:
		_FlushTXRX
 This function uses a non-reentrant model


 *************** function _SPI_transfer *****************
 Defined at:
		line 54 in file "spi.c"
 Parameters:    Size  Location     Type
  data            1    wreg     unsigned char 
 Auto vars:     Size  Location     Type
  data            1    2[COMMON] unsigned char 
 Return value:  Size  Location     Type
                  1    wreg      unsigned char 
 Registers used:
		wreg
 Tracked objects:
		On entry : 
		On exit  : 
		Unchanged: 
 Data sizes:     COMMON   BANK0   BANK1   BANK2   BANK3   BANK4   BANK5   BANK6   BANK7   BANK8   BANK9  BANK10  BANK11  BANK12
      Params:         0       0       0       0       0       0       0       0       0       0       0       0       0       0
      Locals:         1       0       0       0       0       0       0       0       0       0       0       0       0       0
      Temps:          0       0       0       0       0       0       0       0       0       0       0       0       0       0
      Totals:         1       0       0       0       0       0       0       0       0       0       0       0       0       0
Total ram usage:        1 bytes
 Hardware stack levels used:    1
 Hardware stack levels required when called:    1
 This function calls:
		Nothing
 This function is called by:
		_WriteRegister
		_ReadRegister
		_WriteRegisterRF
		_WriteAddress
		_ReadRegisterRF
		_WriteCommand
		_WritePayload
		_ReadPayload
 This function uses a non-reentrant model


 *************** function _ConfigureOscillator *****************
 Defined at:
		line 18 in file "system.c"
 Parameters:    Size  Location     Type
		None
 Auto vars:     Size  Location     Type
		None
 Return value:  Size  Location     Type
                  1    wreg      void 
 Registers used:
		wreg, status,2, status,0
 Tracked objects:
		On entry : 
		On exit  : 
		Unchanged: 
 Data sizes:     COMMON   BANK0   BANK1   BANK2   BANK3   BANK4   BANK5   BANK6   BANK7   BANK8   BANK9  BANK10  BANK11  BANK12
      Params:         0       0       0       0       0       0       0       0       0       0       0       0       0       0
      Locals:         0       0       0       0       0       0       0       0       0       0       0       0       0       0
      Temps:          0       0       0       0       0       0       0       0       0       0       0       0       0       0
      Totals:         0       0       0       0       0       0       0       0       0       0       0       0       0       0
Total ram usage:        0 bytes
 Hardware stack levels used:    1
 Hardware stack levels required when called:    1
 This function calls:
		Nothing
 This function is called by:
		_main
 This function uses a non-reentrant model


 *************** function _isr *****************
 Defined at:
		line 25 in file "interrupts.c"
 Parameters:    Size  Location     Type
		None
 Auto vars:     Size  Location     Type
		None
 Return value:  Size  Location     Type
                  1    wreg      void 
 Registers used:
		wreg, status,2, status,0
 Tracked objects:
		On entry : 
		On exit  : 
		Unchanged: 
 Data sizes:     COMMON   BANK0   BANK1   BANK2   BANK3   BANK4   BANK5   BANK6   BANK7   BANK8   BANK9  BANK10  BANK11  BANK12
      Params:         0       0       0       0       0       0       0       0       0       0       0       0       0       0
      Locals:         0       0       0       0       0       0       0       0       0       0       0       0       0       0
      Temps:          2       0       0       0       0       0       0       0       0       0       0       0       0       0
      Totals:         2       0       0       0       0       0       0       0       0       0       0       0       0       0
Total ram usage:        2 bytes
 Hardware stack levels used:    1
 This function calls:
		Nothing
 This function is called by:
		Interrupt level 1
 This function uses a non-reentrant model



MODULE INFORMATION

Module		Function		Class		Link	Load	Size
interrupts.c
		_isr           		CODE           	0004	0000	58

interrupts.c estimated size: 58

nRF24L01P.c
		_nRF_Setup_Read		CODE           	03ED	0000	134
		_ReadPayload   		CODE           	0750	0000	41
		_nRF_available 		CODE           	0F28	0000	12
		_FlushTXRX     		CODE           	0F76	0000	17
		_WriteRegisterRF		CODE           	0F4B	0000	15
		_WriteAddress  		CODE           	0778	0000	40
		_nRF_Setup_Write		CODE           	0367	0000	135
		_WritePayload  		CODE           	079F	0000	37
		_WriteCommand  		CODE           	0F0C	0000	10
		_ReadRegisterRF		CODE           	0FBB	0000	22

nRF24L01P.c estimated size: 463

try_rfid.c
		_main          		CODE           	0078	0000	454

try_rfid.c estimated size: 454

rc522.c
		_MFRC522_Request		CODE           	071A	0000	55
		_WriteRegister 		CODE           	0F59	0000	15
		_MFRC522_ReadCardSerial		CODE           	0FD0	0000	23
		_MFRC522_CRC   		CODE           	04D2	0000	97
		_MFRC522_Halt  		CODE           	06E1	0000	58
		_MFRC522_Init  		CODE           	0590	0000	82
		_MFRC522_AntiColl		CODE           	0472	0000	97
		_MFRC522_SelectTag		CODE           	0532	0000	95
		_MFRC522_Reset 		CODE           	0EFC	0000	9
		_MFRC522_AntennaOn		CODE           	0F15	0000	10
		_MFRC522_Clear_Bit		CODE           	0F86	0000	18
		_MFRC522_ToCard		CODE           	023D	0000	299
		_ReadRegister  		CODE           	0FA8	0000	20
		_MFRC522_isCard		CODE           	0F97	0000	18
		_MFRC522_Set_Bit		CODE           	0F67	0000	16

rc522.c estimated size: 912

spi.c
		_SPI_init      		CODE           	07DF	0000	28
		_SPI_transfer  		CODE           	0EF4	0000	9

spi.c estimated size: 37

shared
		_MFRC522_firmware_referenceV0_0		STRCODE        	0000	0000	0
		_MFRC522_firmware_referenceV1_0		STRCODE        	0000	0000	0
		_MFRC522_firmware_referenceV2_0		STRCODE        	0000	0000	0
		__initialization		CODE           	003F	0000	54
		_FM17522_firmware_reference		STRCODE        	0000	0000	0

shared estimated size: 54

user.c
		_InitApp       		CODE           	0FE6	0000	27

user.c estimated size: 27

system.c
		_ConfigureOscillator		CODE           	0F1E	0000	11

system.c estimated size: 11

