Microchip MPLAB XC8 Compiler V1.41 ()

Linker command line:

-W-3 --edf=C:\Program Files (x86)\Microchip\xc8\v1.41\dat\en_msgs.txt -cs \
  -h+dist/default/production\send_current_low_cons.X.production.sym \
  --cmf=dist/default/production\send_current_low_cons.X.production.cmf -z \
  -Q16LF1459 -oC:\Users\student\AppData\Local\Temp\s1so.2 \
  -Mdist/default/production/send_current_low_cons.X.production.map -E1 \
  -ver=XC8 -ASTACK=020F0h-0238bh -pstack=STACK -ACODE=00h-07FFhx4 \
  -ASTRCODE=00h-01FFFh -ASTRING=00h-0FFhx32 -ACONST=00h-0FFhx32 \
  -AENTRY=00h-0FFhx32 -ACOMMON=070h-07Fh -ABANK0=020h-06Fh \
  -ABANK1=0A0h-0EFh -ABANK2=0120h-016Fh -ABANK3=01A0h-01EFh \
  -ABANK4=0220h-026Fh -ABANK5=02A0h-02EFh -ABANK6=0320h-036Fh \
  -ABANK7=03A0h-03EFh -ABANK8=0420h-046Fh -ABANK9=04A0h-04EFh \
  -ABANK10=0520h-056Fh -ABANK11=05A0h-05EFh -ABANK12=0620h-064Fh \
  -ABIGRAM=02000h-023EFh \
  -ARAM=020h-06Fh,0A0h-0EFh,0120h-016Fh,01A0h-01EFh,0220h-026Fh,02A0h-02EFh,0320h-036Fh,03A0h-03EFh,0420h-046Fh,04A0h-04EFh,0520h-056Fh,05A0h-05EFh,0620h-064Fh \
  -AABS1=020h-07Fh,0A0h-0EFh,0120h-016Fh,01A0h-01EFh,0220h-026Fh,02A0h-02EFh,0320h-036Fh,03A0h-03EFh,0420h-046Fh,04A0h-04EFh,0520h-056Fh,05A0h-05EFh,0620h-064Fh \
  -ASFR0=00h-01Fh -ASFR1=080h-09Fh -ASFR2=0100h-011Fh -ASFR3=0180h-019Fh \
  -ASFR4=0200h-021Fh -ASFR5=0280h-029Fh -ASFR6=0300h-031Fh \
  -ASFR7=0380h-039Fh -ASFR8=0400h-041Fh -ASFR9=0480h-049Fh \
  -ASFR10=0500h-051Fh -ASFR11=0580h-059Fh -ASFR12=0600h-061Fh \
  -ASFR13=0680h-06EFh -ASFR14=0700h-076Fh -ASFR15=0780h-07EFh \
  -ASFR16=0800h-086Fh -ASFR17=0880h-08EFh -ASFR18=0900h-096Fh \
  -ASFR19=0980h-09EFh -ASFR20=0A00h-0A6Fh -ASFR21=0A80h-0AEFh \
  -ASFR22=0B00h-0B6Fh -ASFR23=0B80h-0BEFh -ASFR24=0C00h-0C6Fh \
  -ASFR25=0C80h-0CEFh -ASFR26=0D00h-0D6Fh -ASFR27=0D80h-0DEFh \
  -ASFR28=0E00h-0E6Fh -ASFR29=0E80h-0EEFh -ASFR30=0F00h-0F6Fh \
  -ASFR31=0F80h-0FEFh -preset_vec=00h,intentry=04h,init,end_init \
  -ppowerup=CODE -pcinit=CODE -pfunctab=CODE -ACONFIG=08007h-08008h \
  -pconfig=CONFIG -DCONFIG=2 -AIDLOC=08000h-08003h -pidloc=IDLOC -DIDLOC=2 \
  -DCODE=2 -DSTRCODE=2 -DSTRING=2 -DCONST=2 -DENTRY=2 -k \
  C:\Users\student\AppData\Local\Temp\s1so.obj \
  dist/default/production\send_current_low_cons.X.production.obj 

Object code version is 3.11

Machine type is 16LF1459



                Name                               Link     Load   Length Selector   Space Scale
C:\Users\student\AppData\Local\Temp\s1so.obj
                end_init                            1E1      1E1        2        8       0
                reset_vec                             0        0        2        0       0
                config                             8007     8007        2    1000E       0
dist/default/production\send_current_low_cons.X.production.obj
                cinit                               1E3      1E3       2D        8       0
                intentry                              4        4      1DD        8       0
                text24                              FAA      FAA        8     1F54       0
                text23                              FB2      FB2        9     1F64       0
                text22                              FD1      FD1        E     1FA2       0
                text21                              FDF      FDF       10     1FBE       0
                text20                              7BE      7BE       17        8       0
                text19                              75A      75A       24        8       0
                text18                              4A8      4A8       87        8       0
                text17                              60E      60E       52        8       0
                text16                              5AA      5AA       64        8       0
                text15                              70B      70B       28        8       0
                text14                              6DC      6DC       2F        8       0
                text13                              733      733       27        8       0
                text12                              52F      52F       7B        8       0
                text11                              6A1      6A1       3B        8       0
                text10                              3F5      3F5       B3        8       0
                text9                               210      210       F5        8       0
                text8                               7A0      7A0       1E        8       0
                text7                               305      305       F0        8       0
                text6                               7E9      7E9       14        8       0
                text4                               FBB      FBB        A     1F76       0
                text3                               7D5      7D5       14        8       0
                text2                               FEF      FEF       11     1FDE       0
                text1                               77E      77E       22        8       0
                maintext                            660      660       41        8       0
                cstackBANK0                          20       20       47       20       1
                cstackCOMMON                         70       70        E       70       1
                clrtext                             FC5      FC5        C     1F8A       0
                bssBANK2                            120      120       50      120       1
                bssBANK1                             A0       A0        F       A0       1
                bssBANK0                             67       67        8       20       1

TOTAL           Name                               Link     Load   Length     Space
        CLASS   STACK          

        CLASS   CODE           
                end_init                            1E1      1E1        2         0
                cinit                               1E3      1E3       2D         0
                intentry                              4        4      1DD         0
                reset_vec                             0        0        2         0
                text24                              FAA      FAA        8         0
                text23                              FB2      FB2        9         0
                text22                              FD1      FD1        E         0
                text21                              FDF      FDF       10         0
                text20                              7BE      7BE       17         0
                text19                              75A      75A       24         0
                text18                              4A8      4A8       87         0
                text17                              60E      60E       52         0
                text16                              5AA      5AA       64         0
                text15                              70B      70B       28         0
                text14                              6DC      6DC       2F         0
                text13                              733      733       27         0
                text12                              52F      52F       7B         0
                text11                              6A1      6A1       3B         0
                text10                              3F5      3F5       B3         0
                text9                               210      210       F5         0
                text8                               7A0      7A0       1E         0
                text7                               305      305       F0         0
                text6                               7E9      7E9       14         0
                text4                               FBB      FBB        A         0
                text3                               7D5      7D5       14         0
                text2                               FEF      FEF       11         0
                text1                               77E      77E       22         0
                maintext                            660      660       41         0
                clrtext                             FC5      FC5        C         0

        CLASS   STRCODE        

        CLASS   STRING         

        CLASS   CONST          

        CLASS   ENTRY          

        CLASS   COMMON         
                cstackCOMMON                         70       70        E         1

        CLASS   BANK0          
                cstackBANK0                          20       20       47         1
                bssBANK0                             67       67        8         1

        CLASS   BANK1          
                bssBANK1                             A0       A0        F         1

        CLASS   BANK2          
                bssBANK2                            120      120       50         1

        CLASS   BANK3          

        CLASS   BANK4          

        CLASS   BANK5          

        CLASS   BANK6          

        CLASS   BANK7          

        CLASS   BANK8          

        CLASS   BANK9          

        CLASS   BANK10         

        CLASS   BANK11         

        CLASS   BANK12         

        CLASS   BIGRAM         

        CLASS   RAM            

        CLASS   ABS1           
                abs_s1                               7E       7E        2         1
                abs_s1                              5BC      5BC       34         1
                abs_s1                              620      620       30         1
                abs_s1                             238C     238C        0         1

        CLASS   SFR0           

        CLASS   SFR1           

        CLASS   SFR2           

        CLASS   SFR3           

        CLASS   SFR4           

        CLASS   SFR5           

        CLASS   SFR6           

        CLASS   SFR7           

        CLASS   SFR8           

        CLASS   SFR9           

        CLASS   SFR10          

        CLASS   SFR11          

        CLASS   SFR12          

        CLASS   SFR13          

        CLASS   SFR14          

        CLASS   SFR15          

        CLASS   SFR16          

        CLASS   SFR17          

        CLASS   SFR18          

        CLASS   SFR19          

        CLASS   SFR20          

        CLASS   SFR21          

        CLASS   SFR22          

        CLASS   SFR23          

        CLASS   SFR24          

        CLASS   SFR25          

        CLASS   SFR26          

        CLASS   SFR27          

        CLASS   SFR28          

        CLASS   SFR29          

        CLASS   SFR30          

        CLASS   SFR31          

        CLASS   CONFIG         
                config                             8007     8007        2         0

        CLASS   IDLOC          

        CLASS   BANK31         

        CLASS   BANK30         

        CLASS   BANK29         

        CLASS   BANK28         

        CLASS   BANK27         

        CLASS   BANK26         

        CLASS   BANK25         

        CLASS   BANK24         

        CLASS   BANK23         

        CLASS   BANK22         

        CLASS   BANK21         

        CLASS   BANK20         

        CLASS   BANK19         

        CLASS   BANK18         

        CLASS   BANK17         

        CLASS   BANK16         

        CLASS   BANK15         

        CLASS   BANK14         

        CLASS   BANK13         

        CLASS   EEDATA         



SEGMENTS        Name                           Load    Length   Top    Selector   Space  Class     Delta

                reset_vec                      000000  000002  000002         0       0  CODE        2
                intentry                       000004  0007F9  0007FD         8       0  CODE        2
                cstackBANK0                    000020  00004F  00006F        20       1  BANK0       1
                cstackCOMMON                   000070  00000E  00007E        70       1  COMMON      1
                bssBANK1                       0000A0  00000F  0000AF        A0       1  BANK1       1
                bssBANK2                       000120  000050  000170       120       1  BANK2       1
                text24                         000FAA  000008  000FB2      1F54       0  CODE        2
                text23                         000FB2  000009  000FBB      1F64       0  CODE        2
                text4                          000FBB  00000A  000FC5      1F76       0  CODE        2
                clrtext                        000FC5  00000C  000FD1      1F8A       0  CODE        2
                text22                         000FD1  00000E  000FDF      1FA2       0  CODE        2
                text21                         000FDF  000010  000FEF      1FBE       0  CODE        2
                text2                          000FEF  000011  001000      1FDE       0  CODE        2
                config                         008007  000002  008009     1000E       0  CONFIG      2


UNUSED ADDRESS RANGES

        Name                Unused          Largest block    Delta
        BANK0            0006F-0006F               1           1
        BANK1            000AF-000EF              41           1
        BANK10           00520-0056F              50           1
        BANK11           005A0-005BB              1C           1
        BANK3            001A0-001EF              50           1
        BANK4            00220-0026F              50           1
        BANK5            002A0-002EF              50           1
        BANK6            00320-0036F              50           1
        BANK7            003A0-003EF              50           1
        BANK8            00420-0046F              50           1
        BANK9            004A0-004EF              50           1
        BIGRAM           02000-023EF             3F0           1
        CODE             00002-00003               2           2
                         007FD-00FA9               3
                         01000-01FFF             800
        CONST            00002-00003               2           2
                         007FD-00FA9             100
                         01000-01FFF             100
        ENTRY            00002-00003               2           2
                         007FD-00FA9             100
                         01000-01FFF             100
        IDLOC            08000-08003               4           2
        RAM              0006F-0006F               1           1
                         000AF-000EF              41
                         001A0-001EF              50
                         00220-0026F              50
                         002A0-002EF              50
                         00320-0036F              50
                         003A0-003EF              50
                         00420-0046F              50
                         004A0-004EF              50
                         00520-0056F              50
                         005A0-005BB              1C
        SFR0             00000-0001F              20           1
        SFR1             00080-0009F              20           1
        SFR10            00500-0051F              20           1
        SFR11            00580-0059F              20           1
        SFR12            00600-0061F              20           1
        SFR13            00680-006EF              70           1
        SFR14            00700-0076F              70           1
        SFR15            00780-007EF              70           1
        SFR16            00800-0086F              70           1
        SFR17            00880-008EF              70           1
        SFR18            00900-0096F              70           1
        SFR19            00980-009EF              70           1
        SFR2             00100-0011F              20           1
        SFR20            00A00-00A6F              70           1
        SFR21            00A80-00AEF              70           1
        SFR22            00B00-00B6F              70           1
        SFR23            00B80-00BEF              70           1
        SFR24            00C00-00C6F              70           1
        SFR25            00C80-00CEF              70           1
        SFR26            00D00-00D6F              70           1
        SFR27            00D80-00DEF              70           1
        SFR28            00E00-00E6F              70           1
        SFR29            00E80-00EEF              70           1
        SFR3             00180-0019F              20           1
        SFR30            00F00-00F6F              70           1
        SFR31            00F80-00FEF              70           1
        SFR4             00200-0021F              20           1
        SFR5             00280-0029F              20           1
        SFR6             00300-0031F              20           1
        SFR7             00380-0039F              20           1
        SFR8             00400-0041F              20           1
        SFR9             00480-0049F              20           1
        STACK            020F0-0238B             29C           1
        STRCODE          00002-00003               2           2
                         007FD-00FA9             7AD
                         01000-01FFF            1000
        STRING           00002-00003               2           2
                         007FD-00FA9             100
                         01000-01FFF             100

                                  Symbol Table

?___ftadd                          cstackCOMMON 00078
?___ftmul                          cstackCOMMON 00078
?___ftpack                         cstackCOMMON 00070
?___ftsub                          cstackBANK0  00027
?___fttol                          cstackBANK0  00040
?___lldiv                          cstackCOMMON 00070
?___lltoft                         cstackCOMMON 00078
?___lmul                           cstackCOMMON 00070
?_sqrt                             cstackBANK0  0002D
ISR_ROUTINE@F2923                  bssBANK1     000A0
ISR_ROUTINE@adc_filter_val         cstackBANK0  0005E
ISR_ROUTINE@adc_hi                 cstackBANK0  0005D
ISR_ROUTINE@adc_lo                 cstackBANK0  0005C
ISR_ROUTINE@data                   cstackBANK0  00057
ISR_ROUTINE@dc_filter_val          cstackBANK0  00062
ISR_ROUTINE@i                      cstackBANK0  00066
SPI_transfer@data                  cstackCOMMON 00070
WriteAddress@addr                  cstackCOMMON 00072
WriteAddress@i                     cstackCOMMON 00075
WriteAddress@num                   cstackCOMMON 00071
WriteAddress@reg                   cstackCOMMON 00074
WriteCommand@command               cstackCOMMON 00071
WritePayload@data                  cstackCOMMON 00071
WritePayload@i                     cstackCOMMON 00074
WritePayload@num                   cstackCOMMON 00073
WriteRegister@reg                  cstackCOMMON 00072
WriteRegister@val                  cstackCOMMON 00071
_ADCON0bits                        (abs)        0009D
_ADCON1bits                        (abs)        0009E
_ADRESH                            (abs)        0009C
_ADRESL                            (abs)        0009B
_ANSELA                            (abs)        0018C
_ANSELB                            (abs)        0018D
_ANSELC                            (abs)        0018E
_ANSELCbits                        (abs)        0018E
_BAUDCONbits                       (abs)        0019F
_CREN                              (abs)        00CEC
_ConfigureOscillator               text4        00FBB
_FlushTXRX                         text21       00FDF
_INTCON                            (abs)        0000B
_INTCONbits                        (abs)        0000B
_ISR_ROUTINE                       intentry     00004
_InitApp                           text3        007D5
_LATAbits                          (abs)        0010C
_LATBbits                          (abs)        0010D
_LATCbits                          (abs)        0010E
_OERR                              (abs)        00CE9
_OPTION_REGbits                    (abs)        00095
_OSCCONbits                        (abs)        00099
_PIE1bits                          (abs)        00091
_PIR1bits                          (abs)        00011
_RCIF                              (abs)        0008D
_RCREG                             (abs)        00199
_RCSTAbits                         (abs)        0019D
_SPBRG                             (abs)        0019B
_SPI_init                          text20       007BE
_SPI_transfer                      text24       00FAA
_SSPBUF                            (abs)        00211
_SSPCON1bits                       (abs)        00215
_SSPSTATbits                       (abs)        00214
_T1CONbits                         (abs)        00018
_TMR0                              (abs)        00015
_TMR0IF                            (abs)        0005A
_TMR1H                             (abs)        00017
_TMR1L                             (abs)        00016
_TMR_CNT                           bssBANK0     0006C
_TRISAbits                         (abs)        0008C
_TRISBbits                         (abs)        0008D
_TRISCbits                         (abs)        0008E
_TRMT                              (abs)        00CF1
_TXREG                             (abs)        0019A
_TXSTAbits                         (abs)        0019E
_WriteAddress                      text13       00733
_WriteCommand                      text23       00FB2
_WritePayload                      text19       0075A
_WriteRegister                     text22       00FD1
__CFG_BOREN$OFF                    (abs)        00000
__CFG_BORV$LO                      (abs)        00000
__CFG_CLKOUTEN$OFF                 (abs)        00000
__CFG_CP$OFF                       (abs)        00000
__CFG_CPUDIV$NOCLKDIV              (abs)        00000
__CFG_FCMEN$OFF                    (abs)        00000
__CFG_FOSC$INTOSC                  (abs)        00000
__CFG_IESO$OFF                     (abs)        00000
__CFG_LPBOR$OFF                    (abs)        00000
__CFG_LVP$OFF                      (abs)        00000
__CFG_MCLRE$ON                     (abs)        00000
__CFG_PLLEN$DISABLED               (abs)        00000
__CFG_PLLMULT$3x                   (abs)        00000
__CFG_PWRTE$OFF                    (abs)        00000
__CFG_STVREN$OFF                   (abs)        00000
__CFG_USBLSCLK$48MHz               (abs)        00000
__CFG_WDTE$ON                      (abs)        00000
__CFG_WRT$OFF                      (abs)        00000
__Habs1                            abs1         00000
__Hbank0                           bank0        00000
__Hbank1                           bank1        00000
__Hbank10                          bank10       00000
__Hbank11                          bank11       00000
__Hbank12                          bank12       00000
__Hbank13                          bank13       00000
__Hbank14                          bank14       00000
__Hbank15                          bank15       00000
__Hbank16                          bank16       00000
__Hbank17                          bank17       00000
__Hbank18                          bank18       00000
__Hbank19                          bank19       00000
__Hbank2                           bank2        00000
__Hbank20                          bank20       00000
__Hbank21                          bank21       00000
__Hbank22                          bank22       00000
__Hbank23                          bank23       00000
__Hbank24                          bank24       00000
__Hbank25                          bank25       00000
__Hbank26                          bank26       00000
__Hbank27                          bank27       00000
__Hbank28                          bank28       00000
__Hbank29                          bank29       00000
__Hbank3                           bank3        00000
__Hbank30                          bank30       00000
__Hbank31                          bank31       00000
__Hbank4                           bank4        00000
__Hbank5                           bank5        00000
__Hbank6                           bank6        00000
__Hbank7                           bank7        00000
__Hbank8                           bank8        00000
__Hbank9                           bank9        00000
__Hbigram                          bigram       00000
__HbssBANK0                        bssBANK0     00000
__HbssBANK1                        bssBANK1     00000
__HbssBANK2                        bssBANK2     00000
__Hcinit                           cinit        00210
__Hclrtext                         clrtext      00000
__Hcode                            code         00000
__Hcommon                          common       00000
__Hconfig                          config       08009
__HcstackBANK0                     cstackBANK0  00000
__HcstackBANK1                     cstackBANK1  00000
__HcstackCOMMON                    cstackCOMMON 00000
__Heeprom_data                     eeprom_data  00000
__Hend_init                        end_init     001E3
__Hfunctab                         functab      00000
__Hidloc                           idloc        00000
__Hinit                            init         001E1
__Hintentry                        intentry     001E1
__Hmaintext                        maintext     00000
__Hpowerup                         powerup      00000
__Hram                             ram          00000
__Hreset_vec                       reset_vec    00002
__Hsfr0                            sfr0         00000
__Hsfr1                            sfr1         00000
__Hsfr10                           sfr10        00000
__Hsfr11                           sfr11        00000
__Hsfr12                           sfr12        00000
__Hsfr13                           sfr13        00000
__Hsfr14                           sfr14        00000
__Hsfr15                           sfr15        00000
__Hsfr16                           sfr16        00000
__Hsfr17                           sfr17        00000
__Hsfr18                           sfr18        00000
__Hsfr19                           sfr19        00000
__Hsfr2                            sfr2         00000
__Hsfr20                           sfr20        00000
__Hsfr21                           sfr21        00000
__Hsfr22                           sfr22        00000
__Hsfr23                           sfr23        00000
__Hsfr24                           sfr24        00000
__Hsfr25                           sfr25        00000
__Hsfr26                           sfr26        00000
__Hsfr27                           sfr27        00000
__Hsfr28                           sfr28        00000
__Hsfr29                           sfr29        00000
__Hsfr3                            sfr3         00000
__Hsfr30                           sfr30        00000
__Hsfr31                           sfr31        00000
__Hsfr4                            sfr4         00000
__Hsfr5                            sfr5         00000
__Hsfr6                            sfr6         00000
__Hsfr7                            sfr7         00000
__Hsfr8                            sfr8         00000
__Hsfr9                            sfr9         00000
__Hspace_0                         (abs)        08009
__Hspace_1                         (abs)        00170
__Hspace_2                         (abs)        00000
__Hspace_3                         (abs)        00000
__Hstack                           stack        00000
__Hstrings                         strings      00000
__Htext                            text         00000
__Labs1                            abs1         00000
__Lbank0                           bank0        00000
__Lbank1                           bank1        00000
__Lbank10                          bank10       00000
__Lbank11                          bank11       00000
__Lbank12                          bank12       00000
__Lbank13                          bank13       00000
__Lbank14                          bank14       00000
__Lbank15                          bank15       00000
__Lbank16                          bank16       00000
__Lbank17                          bank17       00000
__Lbank18                          bank18       00000
__Lbank19                          bank19       00000
__Lbank2                           bank2        00000
__Lbank20                          bank20       00000
__Lbank21                          bank21       00000
__Lbank22                          bank22       00000
__Lbank23                          bank23       00000
__Lbank24                          bank24       00000
__Lbank25                          bank25       00000
__Lbank26                          bank26       00000
__Lbank27                          bank27       00000
__Lbank28                          bank28       00000
__Lbank29                          bank29       00000
__Lbank3                           bank3        00000
__Lbank30                          bank30       00000
__Lbank31                          bank31       00000
__Lbank4                           bank4        00000
__Lbank5                           bank5        00000
__Lbank6                           bank6        00000
__Lbank7                           bank7        00000
__Lbank8                           bank8        00000
__Lbank9                           bank9        00000
__Lbigram                          bigram       00000
__LbssBANK0                        bssBANK0     00000
__LbssBANK1                        bssBANK1     00000
__LbssBANK2                        bssBANK2     00000
__Lcinit                           cinit        001E3
__Lclrtext                         clrtext      00000
__Lcode                            code         00000
__Lcommon                          common       00000
__Lconfig                          config       08007
__LcstackBANK0                     cstackBANK0  00000
__LcstackBANK1                     cstackBANK1  00000
__LcstackCOMMON                    cstackCOMMON 00000
__Leeprom_data                     eeprom_data  00000
__Lend_init                        end_init     001E1
__Lfunctab                         functab      00000
__Lidloc                           idloc        00000
__Linit                            init         001E1
__Lintentry                        intentry     00004
__Lmaintext                        maintext     00000
__Lpowerup                         powerup      00000
__Lram                             ram          00000
__Lreset_vec                       reset_vec    00000
__Lsfr0                            sfr0         00000
__Lsfr1                            sfr1         00000
__Lsfr10                           sfr10        00000
__Lsfr11                           sfr11        00000
__Lsfr12                           sfr12        00000
__Lsfr13                           sfr13        00000
__Lsfr14                           sfr14        00000
__Lsfr15                           sfr15        00000
__Lsfr16                           sfr16        00000
__Lsfr17                           sfr17        00000
__Lsfr18                           sfr18        00000
__Lsfr19                           sfr19        00000
__Lsfr2                            sfr2         00000
__Lsfr20                           sfr20        00000
__Lsfr21                           sfr21        00000
__Lsfr22                           sfr22        00000
__Lsfr23                           sfr23        00000
__Lsfr24                           sfr24        00000
__Lsfr25                           sfr25        00000
__Lsfr26                           sfr26        00000
__Lsfr27                           sfr27        00000
__Lsfr28                           sfr28        00000
__Lsfr29                           sfr29        00000
__Lsfr3                            sfr3         00000
__Lsfr30                           sfr30        00000
__Lsfr31                           sfr31        00000
__Lsfr4                            sfr4         00000
__Lsfr5                            sfr5         00000
__Lsfr6                            sfr6         00000
__Lsfr7                            sfr7         00000
__Lsfr8                            sfr8         00000
__Lsfr9                            sfr9         00000
__Lspace_0                         (abs)        00000
__Lspace_1                         (abs)        00000
__Lspace_2                         (abs)        00000
__Lspace_3                         (abs)        00000
__Lstack                           stack        00000
__Lstrings                         strings      00000
__Ltext                            text         00000
__S0                               (abs)        08009
__S1                               (abs)        00170
__S2                               (abs)        00000
___ftadd                           text9        00210
___ftadd@exp1                      cstackBANK0  00026
___ftadd@exp2                      cstackBANK0  00025
___ftadd@f1                        cstackCOMMON 00078
___ftadd@f2                        cstackCOMMON 0007B
___ftadd@sign                      cstackBANK0  00024
___ftge                            text11       006A1
___ftge@ff1                        cstackCOMMON 00070
___ftge@ff2                        cstackCOMMON 00073
___ftmul                           text10       003F5
___ftmul@cntr                      cstackBANK0  00028
___ftmul@exp                       cstackBANK0  00024
___ftmul@f1                        cstackCOMMON 00078
___ftmul@f2                        cstackCOMMON 0007B
___ftmul@f3_as_product             cstackBANK0  00025
___ftmul@sign                      cstackBANK0  00029
___ftpack                          text16       005AA
___ftpack@arg                      cstackCOMMON 00070
___ftpack@exp                      cstackCOMMON 00073
___ftpack@sign                     cstackCOMMON 00074
___ftsub                           text8        007A0
___ftsub@f1                        cstackBANK0  0002A
___ftsub@f2                        cstackBANK0  00027
___fttol                           text18       004A8
___fttol@exp1                      cstackBANK0  0004D
___fttol@f1                        cstackBANK0  00040
___fttol@lval                      cstackBANK0  00049
___fttol@sign1                     cstackBANK0  00048
___int_sp                          stack        00000
___latbits                         (abs)        00002
___lldiv                           text17       0060E
___lldiv@counter                   cstackCOMMON 0007D
___lldiv@dividend                  cstackCOMMON 00074
___lldiv@divisor                   cstackCOMMON 00070
___lldiv@quotient                  cstackCOMMON 00079
___lltoft                          text15       0070B
___lltoft@c                        cstackCOMMON 00078
___lltoft@exp                      cstackCOMMON 0007D
___lmul                            text14       006DC
___lmul@multiplicand               cstackCOMMON 00074
___lmul@multiplier                 cstackCOMMON 00070
___lmul@product                    cstackCOMMON 00078
___sp                              stack        00000
__end_of_ConfigureOscillator       text4        00FC5
__end_of_FlushTXRX                 text21       00FEF
__end_of_ISR_ROUTINE               intentry     001E1
__end_of_InitApp                   text3        007E9
__end_of_SPI_init                  text20       007D5
__end_of_SPI_transfer              text24       00FB2
__end_of_WriteAddress              text13       0075A
__end_of_WriteCommand              text23       00FBB
__end_of_WritePayload              text19       0077E
__end_of_WriteRegister             text22       00FDF
__end_of___ftadd                   text9        00305
__end_of___ftge                    text11       006DC
__end_of___ftmul                   text10       004A8
__end_of___ftpack                  text16       0060E
__end_of___ftsub                   text8        007BE
__end_of___fttol                   text18       0052F
__end_of___lldiv                   text17       00660
__end_of___lltoft                  text15       00733
__end_of___lmul                    text14       0070B
__end_of__initialization           cinit        0020C
__end_of_init_adc                  text2        01000
__end_of_main                      maintext     006A1
__end_of_nRF_Setup                 text12       005AA
__end_of_sqrt                      text7        003F5
__end_of_timer_setup_and_start_IE  text1        007A0
__end_ofi1_InitApp                 text6        007FD
__initialization                   cinit        001E3
__pbssBANK0                        bssBANK0     00067
__pbssBANK1                        bssBANK1     000A0
__pbssBANK2                        bssBANK2     00120
__pbssBIGRAM                       (abs)        0238C
__pcstackBANK0                     cstackBANK0  00020
__pcstackBANK1                     cstackBANK1  00000
__pcstackCOMMON                    cstackCOMMON 00070
__pintentry                        intentry     00004
__pmaintext                        maintext     00660
__ptext0                           text0        00000
__ptext1                           text1        0077E
__ptext10                          text10       003F5
__ptext11                          text11       006A1
__ptext12                          text12       0052F
__ptext13                          text13       00733
__ptext14                          text14       006DC
__ptext15                          text15       0070B
__ptext16                          text16       005AA
__ptext17                          text17       0060E
__ptext18                          text18       004A8
__ptext19                          text19       0075A
__ptext2                           text2        00FEF
__ptext20                          text20       007BE
__ptext21                          text21       00FDF
__ptext22                          text22       00FD1
__ptext23                          text23       00FB2
__ptext24                          text24       00FAA
__ptext3                           text3        007D5
__ptext4                           text4        00FBB
__ptext6                           text6        007E9
__ptext7                           text7        00305
__ptext8                           text8        007A0
__ptext9                           text9        00210
__size_of_ConfigureOscillator      (abs)        00000
__size_of_FlushTXRX                (abs)        00000
__size_of_ISR_ROUTINE              (abs)        00000
__size_of_InitApp                  (abs)        00000
__size_of_SPI_init                 (abs)        00000
__size_of_SPI_transfer             (abs)        00000
__size_of_WriteAddress             (abs)        00000
__size_of_WriteCommand             (abs)        00000
__size_of_WritePayload             (abs)        00000
__size_of_WriteRegister            (abs)        00000
__size_of___ftadd                  (abs)        00000
__size_of___ftge                   (abs)        00000
__size_of___ftmul                  (abs)        00000
__size_of___ftpack                 (abs)        00000
__size_of___ftsub                  (abs)        00000
__size_of___fttol                  (abs)        00000
__size_of___lldiv                  (abs)        00000
__size_of___lltoft                 (abs)        00000
__size_of___lmul                   (abs)        00000
__size_of_init_adc                 (abs)        00000
__size_of_main                     (abs)        00000
__size_of_nRF_Setup                (abs)        00000
__size_of_sqrt                     (abs)        00000
__size_of_timer_setup_and_start_IE (abs)        00000
__size_ofi1_InitApp                (abs)        00000
_ac_value                          bssBANK0     00067
_adc_data                          bssBANK2     00120
_adc_data_index                    bssBANK0     0006B
_buffer                            (abs)        0238C
_errno                             bssBANK1     000AD
_init_adc                          text2        00FEF
_main                              maintext     00660
_nRF_Setup                         text12       0052F
_sqrt                              text7        00305
_timer_setup_and_start_IE          text1        0077E
_tmrcmpt                           bssBANK0     0006A
btemp                              (abs)        0007E
clear_ram0                         clrtext      00FC5
end_of_initialization              cinit        0020C
i1_InitApp                         text6        007E9
int$flags                          (abs)        0007E
intlevel0                          functab      00000
intlevel1                          functab      00000
intlevel2                          functab      00000
intlevel3                          functab      00000
intlevel4                          functab      00000
intlevel5                          functab      00000
nRF_Setup@RXTX_ADDR                cstackCOMMON 00079
reset_vec                          reset_vec    00000
sqrt@a                             cstackBANK0  0002D
sqrt@i                             cstackBANK0  00039
sqrt@og                            cstackBANK0  00033
sqrt@q                             cstackBANK0  0003A
sqrt@x                             cstackBANK0  0003D
sqrt@z                             cstackBANK0  00036
stackhi                            (abs)        0238B
stacklo                            (abs)        020F0
start                              init         001E1
start_initialization               cinit        001E3
wtemp0                             (abs)        0007E


FUNCTION INFORMATION:

 *************** function _main *****************
 Defined at:
		line 222 in file "send_current_low_cons.c"
 Parameters:    Size  Location     Type
		None
 Auto vars:     Size  Location     Type
		None
 Return value:  Size  Location     Type
                  1    wreg      void 
 Registers used:
		wreg, status,2, status,0, pclath, cstack
 Tracked objects:
		On entry : 
		On exit  : 
		Unchanged: 
 Data sizes:     COMMON   BANK0   BANK1   BANK2   BANK3   BANK4   BANK5   BANK6   BANK7   BANK8   BANK9  BANK10  BANK11  BANK12
      Params:         0       0       0       0       0       0       0       0       0       0       0       0       0       0
      Locals:         0       0       0       0       0       0       0       0       0       0       0       0       0       0
      Temps:          0       0       0       0       0       0       0       0       0       0       0       0       0       0
      Totals:         0       0       0       0       0       0       0       0       0       0       0       0       0       0
Total ram usage:        0 bytes
 Hardware stack levels required when called:    6
 This function calls:
		_ConfigureOscillator
		_InitApp
		_init_adc
		_timer_setup_and_start_IE
 This function is called by:
		Startup code after reset
 This function uses a non-reentrant model


 *************** function _timer_setup_and_start_IE *****************
 Defined at:
		line 46 in file "user.c"
 Parameters:    Size  Location     Type
		None
 Auto vars:     Size  Location     Type
		None
 Return value:  Size  Location     Type
                  1    wreg      void 
 Registers used:
		wreg, status,2, status,0
 Tracked objects:
		On entry : 
		On exit  : 
		Unchanged: 
 Data sizes:     COMMON   BANK0   BANK1   BANK2   BANK3   BANK4   BANK5   BANK6   BANK7   BANK8   BANK9  BANK10  BANK11  BANK12
      Params:         0       0       0       0       0       0       0       0       0       0       0       0       0       0
      Locals:         0       0       0       0       0       0       0       0       0       0       0       0       0       0
      Temps:          0       0       0       0       0       0       0       0       0       0       0       0       0       0
      Totals:         0       0       0       0       0       0       0       0       0       0       0       0       0       0
Total ram usage:        0 bytes
 Hardware stack levels used:    1
 Hardware stack levels required when called:    5
 This function calls:
		Nothing
 This function is called by:
		_main
 This function uses a non-reentrant model


 *************** function _init_adc *****************
 Defined at:
		line 180 in file "send_current_low_cons.c"
 Parameters:    Size  Location     Type
		None
 Auto vars:     Size  Location     Type
		None
 Return value:  Size  Location     Type
                  1    wreg      void 
 Registers used:
		status,2
 Tracked objects:
		On entry : 
		On exit  : 
		Unchanged: 
 Data sizes:     COMMON   BANK0   BANK1   BANK2   BANK3   BANK4   BANK5   BANK6   BANK7   BANK8   BANK9  BANK10  BANK11  BANK12
      Params:         0       0       0       0       0       0       0       0       0       0       0       0       0       0
      Locals:         0       0       0       0       0       0       0       0       0       0       0       0       0       0
      Temps:          0       0       0       0       0       0       0       0       0       0       0       0       0       0
      Totals:         0       0       0       0       0       0       0       0       0       0       0       0       0       0
Total ram usage:        0 bytes
 Hardware stack levels used:    1
 Hardware stack levels required when called:    5
 This function calls:
		Nothing
 This function is called by:
		_main
 This function uses a non-reentrant model


 *************** function _InitApp *****************
 Defined at:
		line 21 in file "user.c"
 Parameters:    Size  Location     Type
		None
 Auto vars:     Size  Location     Type
		None
 Return value:  Size  Location     Type
                  1    wreg      void 
 Registers used:
		status,2
 Tracked objects:
		On entry : 
		On exit  : 
		Unchanged: 
 Data sizes:     COMMON   BANK0   BANK1   BANK2   BANK3   BANK4   BANK5   BANK6   BANK7   BANK8   BANK9  BANK10  BANK11  BANK12
      Params:         0       0       0       0       0       0       0       0       0       0       0       0       0       0
      Locals:         0       0       0       0       0       0       0       0       0       0       0       0       0       0
      Temps:          0       0       0       0       0       0       0       0       0       0       0       0       0       0
      Totals:         0       0       0       0       0       0       0       0       0       0       0       0       0       0
Total ram usage:        0 bytes
 Hardware stack levels used:    1
 Hardware stack levels required when called:    5
 This function calls:
		Nothing
 This function is called by:
		_main
 This function uses a non-reentrant model


 *************** function _ConfigureOscillator *****************
 Defined at:
		line 18 in file "system.c"
 Parameters:    Size  Location     Type
		None
 Auto vars:     Size  Location     Type
		None
 Return value:  Size  Location     Type
                  1    wreg      void 
 Registers used:
		wreg, status,2, status,0
 Tracked objects:
		On entry : 
		On exit  : 
		Unchanged: 
 Data sizes:     COMMON   BANK0   BANK1   BANK2   BANK3   BANK4   BANK5   BANK6   BANK7   BANK8   BANK9  BANK10  BANK11  BANK12
      Params:         0       0       0       0       0       0       0       0       0       0       0       0       0       0
      Locals:         0       0       0       0       0       0       0       0       0       0       0       0       0       0
      Temps:          0       0       0       0       0       0       0       0       0       0       0       0       0       0
      Totals:         0       0       0       0       0       0       0       0       0       0       0       0       0       0
Total ram usage:        0 bytes
 Hardware stack levels used:    1
 Hardware stack levels required when called:    5
 This function calls:
		Nothing
 This function is called by:
		_main
 This function uses a non-reentrant model


 *************** function _ISR_ROUTINE *****************
 Defined at:
		line 70 in file "send_current_low_cons.c"
 Parameters:    Size  Location     Type
		None
 Auto vars:     Size  Location     Type
  adc_hi          1   61[BANK0 ] unsigned char 
  adc_lo          1   60[BANK0 ] unsigned char 
  data            5   55[BANK0 ] unsigned char [5]
  dc_filter_va    4   66[BANK0 ] unsigned long 
  adc_filter_v    4   62[BANK0 ] unsigned long 
  i               1   70[BANK0 ] unsigned char 
 Return value:  Size  Location     Type
                  1    wreg      void 
 Registers used:
		wreg, fsr0l, fsr0h, fsr1l, fsr1h, status,2, status,0, pclath, cstack
 Tracked objects:
		On entry : 
		On exit  : 
		Unchanged: 
 Data sizes:     COMMON   BANK0   BANK1   BANK2   BANK3   BANK4   BANK5   BANK6   BANK7   BANK8   BANK9  BANK10  BANK11  BANK12
      Params:         0       0       0       0       0       0       0       0       0       0       0       0       0       0
      Locals:         0      16       0       0       0       0       0       0       0       0       0       0       0       0
      Temps:          0       9       0       0       0       0       0       0       0       0       0       0       0       0
      Totals:         0      25       0       0       0       0       0       0       0       0       0       0       0       0
Total ram usage:       25 bytes
 Hardware stack levels used:    1
 Hardware stack levels required when called:    4
 This function calls:
		_FlushTXRX
		_SPI_init
		_WritePayload
		_WriteRegister
		___fttol
		___lldiv
		___lltoft
		___lmul
		_nRF_Setup
		_sqrt
		i1_InitApp
 This function is called by:
		Interrupt level 1
 This function uses a non-reentrant model


 *************** function i1_InitApp *****************
 Defined at:
		line 21 in file "user.c"
 Parameters:    Size  Location     Type
		None
 Auto vars:     Size  Location     Type
		None
 Return value:  Size  Location     Type
                  1    wreg      void 
 Registers used:
		status,2
 Tracked objects:
		On entry : 
		On exit  : 
		Unchanged: 
 Data sizes:     COMMON   BANK0   BANK1   BANK2   BANK3   BANK4   BANK5   BANK6   BANK7   BANK8   BANK9  BANK10  BANK11  BANK12
      Params:         0       0       0       0       0       0       0       0       0       0       0       0       0       0
      Locals:         0       0       0       0       0       0       0       0       0       0       0       0       0       0
      Temps:          0       0       0       0       0       0       0       0       0       0       0       0       0       0
      Totals:         0       0       0       0       0       0       0       0       0       0       0       0       0       0
Total ram usage:        0 bytes
 Hardware stack levels used:    1
 This function calls:
		Nothing
 This function is called by:
		_ISR_ROUTINE
 This function uses a non-reentrant model


 *************** function _sqrt *****************
 Defined at:
		line 9 in file "C:\Program Files (x86)\Microchip\xc8\v1.41\sources\common\sprcsqrt.c"
 Parameters:    Size  Location     Type
  a               3   13[BANK0 ] void 
 Auto vars:     Size  Location     Type
  x               3   29[BANK0 ] void 
  q               3   26[BANK0 ] void 
  z               3   22[BANK0 ] void 
  og              3   19[BANK0 ] void 
  i               1   25[BANK0 ] unsigned char 
 Return value:  Size  Location     Type
                  3   13[BANK0 ] unsigned char 
 Registers used:
		wreg, status,2, status,0, pclath, cstack
 Tracked objects:
		On entry : 
		On exit  : 
		Unchanged: 
 Data sizes:     COMMON   BANK0   BANK1   BANK2   BANK3   BANK4   BANK5   BANK6   BANK7   BANK8   BANK9  BANK10  BANK11  BANK12
      Params:         0       3       0       0       0       0       0       0       0       0       0       0       0       0
      Locals:         0      13       0       0       0       0       0       0       0       0       0       0       0       0
      Temps:          0       3       0       0       0       0       0       0       0       0       0       0       0       0
      Totals:         0      19       0       0       0       0       0       0       0       0       0       0       0       0
Total ram usage:       19 bytes
 Hardware stack levels used:    1
 Hardware stack levels required when called:    3
 This function calls:
		___ftge
		___ftmul
		___ftsub
 This function is called by:
		_ISR_ROUTINE
 This function uses a non-reentrant model


 *************** function ___ftsub *****************
 Defined at:
		line 18 in file "C:\Program Files (x86)\Microchip\xc8\v1.41\sources\common\ftsub.c"
 Parameters:    Size  Location     Type
  f2              3    7[BANK0 ] float 
  f1              3   10[BANK0 ] float 
 Auto vars:     Size  Location     Type
		None
 Return value:  Size  Location     Type
                  3    7[BANK0 ] float 
 Registers used:
		wreg, status,2, status,0, pclath, cstack
 Tracked objects:
		On entry : 
		On exit  : 
		Unchanged: 
 Data sizes:     COMMON   BANK0   BANK1   BANK2   BANK3   BANK4   BANK5   BANK6   BANK7   BANK8   BANK9  BANK10  BANK11  BANK12
      Params:         0       6       0       0       0       0       0       0       0       0       0       0       0       0
      Locals:         0       0       0       0       0       0       0       0       0       0       0       0       0       0
      Temps:          0       0       0       0       0       0       0       0       0       0       0       0       0       0
      Totals:         0       6       0       0       0       0       0       0       0       0       0       0       0       0
Total ram usage:        6 bytes
 Hardware stack levels used:    1
 Hardware stack levels required when called:    2
 This function calls:
		___ftadd
 This function is called by:
		_sqrt
 This function uses a non-reentrant model


 *************** function ___ftadd *****************
 Defined at:
		line 86 in file "C:\Program Files (x86)\Microchip\xc8\v1.41\sources\common\ftadd.c"
 Parameters:    Size  Location     Type
  f1              3    8[COMMON] float 
  f2              3   11[COMMON] float 
 Auto vars:     Size  Location     Type
  exp1            1    6[BANK0 ] unsigned char 
  exp2            1    5[BANK0 ] unsigned char 
  sign            1    4[BANK0 ] unsigned char 
 Return value:  Size  Location     Type
                  3    8[COMMON] float 
 Registers used:
		wreg, status,2, status,0, pclath, cstack
 Tracked objects:
		On entry : 
		On exit  : 
		Unchanged: 
 Data sizes:     COMMON   BANK0   BANK1   BANK2   BANK3   BANK4   BANK5   BANK6   BANK7   BANK8   BANK9  BANK10  BANK11  BANK12
      Params:         6       0       0       0       0       0       0       0       0       0       0       0       0       0
      Locals:         0       3       0       0       0       0       0       0       0       0       0       0       0       0
      Temps:          0       4       0       0       0       0       0       0       0       0       0       0       0       0
      Totals:         6       7       0       0       0       0       0       0       0       0       0       0       0       0
Total ram usage:       13 bytes
 Hardware stack levels used:    1
 Hardware stack levels required when called:    1
 This function calls:
		___ftpack
 This function is called by:
		___ftsub
 This function uses a non-reentrant model


 *************** function ___ftmul *****************
 Defined at:
		line 62 in file "C:\Program Files (x86)\Microchip\xc8\v1.41\sources\common\ftmul.c"
 Parameters:    Size  Location     Type
  f1              3    8[COMMON] float 
  f2              3   11[COMMON] float 
 Auto vars:     Size  Location     Type
  f3_as_produc    3    5[BANK0 ] unsigned um
  sign            1    9[BANK0 ] unsigned char 
  cntr            1    8[BANK0 ] unsigned char 
  exp             1    4[BANK0 ] unsigned char 
 Return value:  Size  Location     Type
                  3    8[COMMON] float 
 Registers used:
		wreg, status,2, status,0, pclath, cstack
 Tracked objects:
		On entry : 
		On exit  : 
		Unchanged: 
 Data sizes:     COMMON   BANK0   BANK1   BANK2   BANK3   BANK4   BANK5   BANK6   BANK7   BANK8   BANK9  BANK10  BANK11  BANK12
      Params:         6       0       0       0       0       0       0       0       0       0       0       0       0       0
      Locals:         0       6       0       0       0       0       0       0       0       0       0       0       0       0
      Temps:          0       4       0       0       0       0       0       0       0       0       0       0       0       0
      Totals:         6      10       0       0       0       0       0       0       0       0       0       0       0       0
Total ram usage:       16 bytes
 Hardware stack levels used:    1
 Hardware stack levels required when called:    1
 This function calls:
		___ftpack
 This function is called by:
		_sqrt
 This function uses a non-reentrant model


 *************** function ___ftge *****************
 Defined at:
		line 4 in file "C:\Program Files (x86)\Microchip\xc8\v1.41\sources\common\ftge.c"
 Parameters:    Size  Location     Type
  ff1             3    0[COMMON] float 
  ff2             3    3[COMMON] float 
 Auto vars:     Size  Location     Type
		None
 Return value:  Size  Location     Type
		None               void
 Registers used:
		wreg, status,2, status,0
 Tracked objects:
		On entry : 
		On exit  : 
		Unchanged: 
 Data sizes:     COMMON   BANK0   BANK1   BANK2   BANK3   BANK4   BANK5   BANK6   BANK7   BANK8   BANK9  BANK10  BANK11  BANK12
      Params:         6       0       0       0       0       0       0       0       0       0       0       0       0       0
      Locals:         0       0       0       0       0       0       0       0       0       0       0       0       0       0
      Temps:          3       0       0       0       0       0       0       0       0       0       0       0       0       0
      Totals:         9       0       0       0       0       0       0       0       0       0       0       0       0       0
Total ram usage:        9 bytes
 Hardware stack levels used:    1
 This function calls:
		Nothing
 This function is called by:
		_sqrt
 This function uses a non-reentrant model


 *************** function _nRF_Setup *****************
 Defined at:
		line 15 in file "nRF24L01P.c"
 Parameters:    Size  Location     Type
		None
 Auto vars:     Size  Location     Type
  RXTX_ADDR       5    9[COMMON] unsigned char [5]
 Return value:  Size  Location     Type
                  1    wreg      void 
 Registers used:
		wreg, fsr1l, fsr1h, status,2, status,0, pclath, cstack
 Tracked objects:
		On entry : 
		On exit  : 
		Unchanged: 
 Data sizes:     COMMON   BANK0   BANK1   BANK2   BANK3   BANK4   BANK5   BANK6   BANK7   BANK8   BANK9  BANK10  BANK11  BANK12
      Params:         0       0       0       0       0       0       0       0       0       0       0       0       0       0
      Locals:         5       0       0       0       0       0       0       0       0       0       0       0       0       0
      Temps:          2       0       0       0       0       0       0       0       0       0       0       0       0       0
      Totals:         7       0       0       0       0       0       0       0       0       0       0       0       0       0
Total ram usage:        7 bytes
 Hardware stack levels used:    1
 Hardware stack levels required when called:    2
 This function calls:
		_WriteAddress
		_WriteRegister
 This function is called by:
		_ISR_ROUTINE
 This function uses a non-reentrant model


 *************** function _WriteAddress *****************
 Defined at:
		line 61 in file "nRF24L01P.c"
 Parameters:    Size  Location     Type
  reg             1    wreg     unsigned char 
  num             1    1[COMMON] unsigned char 
  addr            1    2[COMMON] PTR unsigned char 
		 -> nRF_Setup@RXTX_ADDR(5), 
 Auto vars:     Size  Location     Type
  reg             1    4[COMMON] unsigned char 
  i               2    5[COMMON] int 
 Return value:  Size  Location     Type
                  1    wreg      void 
 Registers used:
		wreg, fsr1l, fsr1h, status,2, status,0, pclath, cstack
 Tracked objects:
		On entry : 
		On exit  : 
		Unchanged: 
 Data sizes:     COMMON   BANK0   BANK1   BANK2   BANK3   BANK4   BANK5   BANK6   BANK7   BANK8   BANK9  BANK10  BANK11  BANK12
      Params:         2       0       0       0       0       0       0       0       0       0       0       0       0       0
      Locals:         3       0       0       0       0       0       0       0       0       0       0       0       0       0
      Temps:          1       0       0       0       0       0       0       0       0       0       0       0       0       0
      Totals:         6       0       0       0       0       0       0       0       0       0       0       0       0       0
Total ram usage:        6 bytes
 Hardware stack levels used:    1
 Hardware stack levels required when called:    1
 This function calls:
		_SPI_transfer
 This function is called by:
		_nRF_Setup
 This function uses a non-reentrant model


 *************** function ___lmul *****************
 Defined at:
		line 15 in file "C:\Program Files (x86)\Microchip\xc8\v1.41\sources\common\Umul32.c"
 Parameters:    Size  Location     Type
  multiplier      4    0[COMMON] unsigned long 
  multiplicand    4    4[COMMON] unsigned long 
 Auto vars:     Size  Location     Type
  product         4    8[COMMON] unsigned long 
 Return value:  Size  Location     Type
                  4    0[COMMON] unsigned long 
 Registers used:
		wreg, status,2, status,0
 Tracked objects:
		On entry : 
		On exit  : 
		Unchanged: 
 Data sizes:     COMMON   BANK0   BANK1   BANK2   BANK3   BANK4   BANK5   BANK6   BANK7   BANK8   BANK9  BANK10  BANK11  BANK12
      Params:         8       0       0       0       0       0       0       0       0       0       0       0       0       0
      Locals:         4       0       0       0       0       0       0       0       0       0       0       0       0       0
      Temps:          0       0       0       0       0       0       0       0       0       0       0       0       0       0
      Totals:        12       0       0       0       0       0       0       0       0       0       0       0       0       0
Total ram usage:       12 bytes
 Hardware stack levels used:    1
 This function calls:
		Nothing
 This function is called by:
		_ISR_ROUTINE
 This function uses a non-reentrant model


 *************** function ___lltoft *****************
 Defined at:
		line 35 in file "C:\Program Files (x86)\Microchip\xc8\v1.41\sources\common\lltoft.c"
 Parameters:    Size  Location     Type
  c               4    8[COMMON] unsigned long 
 Auto vars:     Size  Location     Type
  exp             1   13[COMMON] unsigned char 
 Return value:  Size  Location     Type
                  3    8[COMMON] float 
 Registers used:
		wreg, status,2, status,0, pclath, cstack
 Tracked objects:
		On entry : 
		On exit  : 
		Unchanged: 
 Data sizes:     COMMON   BANK0   BANK1   BANK2   BANK3   BANK4   BANK5   BANK6   BANK7   BANK8   BANK9  BANK10  BANK11  BANK12
      Params:         4       0       0       0       0       0       0       0       0       0       0       0       0       0
      Locals:         1       0       0       0       0       0       0       0       0       0       0       0       0       0
      Temps:          1       0       0       0       0       0       0       0       0       0       0       0       0       0
      Totals:         6       0       0       0       0       0       0       0       0       0       0       0       0       0
Total ram usage:        6 bytes
 Hardware stack levels used:    1
 Hardware stack levels required when called:    1
 This function calls:
		___ftpack
 This function is called by:
		_ISR_ROUTINE
 This function uses a non-reentrant model


 *************** function ___ftpack *****************
 Defined at:
		line 62 in file "C:\Program Files (x86)\Microchip\xc8\v1.41\sources\common\float.c"
 Parameters:    Size  Location     Type
  arg             3    0[COMMON] unsigned um
  exp             1    3[COMMON] unsigned char 
  sign            1    4[COMMON] unsigned char 
 Auto vars:     Size  Location     Type
		None
 Return value:  Size  Location     Type
                  3    0[COMMON] float 
 Registers used:
		wreg, status,2, status,0
 Tracked objects:
		On entry : 
		On exit  : 
		Unchanged: 
 Data sizes:     COMMON   BANK0   BANK1   BANK2   BANK3   BANK4   BANK5   BANK6   BANK7   BANK8   BANK9  BANK10  BANK11  BANK12
      Params:         5       0       0       0       0       0       0       0       0       0       0       0       0       0
      Locals:         0       0       0       0       0       0       0       0       0       0       0       0       0       0
      Temps:          3       0       0       0       0       0       0       0       0       0       0       0       0       0
      Totals:         8       0       0       0       0       0       0       0       0       0       0       0       0       0
Total ram usage:        8 bytes
 Hardware stack levels used:    1
 This function calls:
		Nothing
 This function is called by:
		___ftadd
		___ftmul
		___lltoft
 This function uses a non-reentrant model


 *************** function ___lldiv *****************
 Defined at:
		line 6 in file "C:\Program Files (x86)\Microchip\xc8\v1.41\sources\common\lldiv.c"
 Parameters:    Size  Location     Type
  divisor         4    0[COMMON] unsigned long 
  dividend        4    4[COMMON] unsigned long 
 Auto vars:     Size  Location     Type
  quotient        4    9[COMMON] unsigned long 
  counter         1   13[COMMON] unsigned char 
 Return value:  Size  Location     Type
                  4    0[COMMON] unsigned long 
 Registers used:
		wreg, status,2, status,0
 Tracked objects:
		On entry : 
		On exit  : 
		Unchanged: 
 Data sizes:     COMMON   BANK0   BANK1   BANK2   BANK3   BANK4   BANK5   BANK6   BANK7   BANK8   BANK9  BANK10  BANK11  BANK12
      Params:         8       0       0       0       0       0       0       0       0       0       0       0       0       0
      Locals:         5       0       0       0       0       0       0       0       0       0       0       0       0       0
      Temps:          1       0       0       0       0       0       0       0       0       0       0       0       0       0
      Totals:        14       0       0       0       0       0       0       0       0       0       0       0       0       0
Total ram usage:       14 bytes
 Hardware stack levels used:    1
 This function calls:
		Nothing
 This function is called by:
		_ISR_ROUTINE
 This function uses a non-reentrant model


 *************** function ___fttol *****************
 Defined at:
		line 44 in file "C:\Program Files (x86)\Microchip\xc8\v1.41\sources\common\fttol.c"
 Parameters:    Size  Location     Type
  f1              3   32[BANK0 ] float 
 Auto vars:     Size  Location     Type
  lval            4   41[BANK0 ] unsigned long 
  exp1            1   45[BANK0 ] unsigned char 
  sign1           1   40[BANK0 ] unsigned char 
 Return value:  Size  Location     Type
                  4   32[BANK0 ] long 
 Registers used:
		wreg, status,2, status,0
 Tracked objects:
		On entry : 
		On exit  : 
		Unchanged: 
 Data sizes:     COMMON   BANK0   BANK1   BANK2   BANK3   BANK4   BANK5   BANK6   BANK7   BANK8   BANK9  BANK10  BANK11  BANK12
      Params:         0       4       0       0       0       0       0       0       0       0       0       0       0       0
      Locals:         0       6       0       0       0       0       0       0       0       0       0       0       0       0
      Temps:          0       4       0       0       0       0       0       0       0       0       0       0       0       0
      Totals:         0      14       0       0       0       0       0       0       0       0       0       0       0       0
Total ram usage:       14 bytes
 Hardware stack levels used:    1
 This function calls:
		Nothing
 This function is called by:
		_ISR_ROUTINE
 This function uses a non-reentrant model


 *************** function _WritePayload *****************
 Defined at:
		line 92 in file "nRF24L01P.c"
 Parameters:    Size  Location     Type
  num             1    wreg     unsigned char 
  data            1    1[COMMON] PTR unsigned char 
		 -> ISR_ROUTINE@data(5), 
 Auto vars:     Size  Location     Type
  num             1    3[COMMON] unsigned char 
  i               1    4[COMMON] unsigned char 
 Return value:  Size  Location     Type
                  1    wreg      void 
 Registers used:
		wreg, fsr1l, fsr1h, status,2, status,0, pclath, cstack
 Tracked objects:
		On entry : 
		On exit  : 
		Unchanged: 
 Data sizes:     COMMON   BANK0   BANK1   BANK2   BANK3   BANK4   BANK5   BANK6   BANK7   BANK8   BANK9  BANK10  BANK11  BANK12
      Params:         1       0       0       0       0       0       0       0       0       0       0       0       0       0
      Locals:         2       0       0       0       0       0       0       0       0       0       0       0       0       0
      Temps:          1       0       0       0       0       0       0       0       0       0       0       0       0       0
      Totals:         4       0       0       0       0       0       0       0       0       0       0       0       0       0
Total ram usage:        4 bytes
 Hardware stack levels used:    1
 Hardware stack levels required when called:    1
 This function calls:
		_SPI_transfer
 This function is called by:
		_ISR_ROUTINE
 This function uses a non-reentrant model


 *************** function _SPI_init *****************
 Defined at:
		line 13 in file "spi.c"
 Parameters:    Size  Location     Type
		None
 Auto vars:     Size  Location     Type
		None
 Return value:  Size  Location     Type
                  1    wreg      void 
 Registers used:
		wreg, status,2, status,0
 Tracked objects:
		On entry : 
		On exit  : 
		Unchanged: 
 Data sizes:     COMMON   BANK0   BANK1   BANK2   BANK3   BANK4   BANK5   BANK6   BANK7   BANK8   BANK9  BANK10  BANK11  BANK12
      Params:         0       0       0       0       0       0       0       0       0       0       0       0       0       0
      Locals:         0       0       0       0       0       0       0       0       0       0       0       0       0       0
      Temps:          0       0       0       0       0       0       0       0       0       0       0       0       0       0
      Totals:         0       0       0       0       0       0       0       0       0       0       0       0       0       0
Total ram usage:        0 bytes
 Hardware stack levels used:    1
 This function calls:
		Nothing
 This function is called by:
		_ISR_ROUTINE
 This function uses a non-reentrant model


 *************** function _FlushTXRX *****************
 Defined at:
		line 43 in file "nRF24L01P.c"
 Parameters:    Size  Location     Type
		None
 Auto vars:     Size  Location     Type
		None
 Return value:  Size  Location     Type
                  1    wreg      void 
 Registers used:
		wreg, status,2, status,0, pclath, cstack
 Tracked objects:
		On entry : 
		On exit  : 
		Unchanged: 
 Data sizes:     COMMON   BANK0   BANK1   BANK2   BANK3   BANK4   BANK5   BANK6   BANK7   BANK8   BANK9  BANK10  BANK11  BANK12
      Params:         0       0       0       0       0       0       0       0       0       0       0       0       0       0
      Locals:         0       0       0       0       0       0       0       0       0       0       0       0       0       0
      Temps:          1       0       0       0       0       0       0       0       0       0       0       0       0       0
      Totals:         1       0       0       0       0       0       0       0       0       0       0       0       0       0
Total ram usage:        1 bytes
 Hardware stack levels used:    1
 Hardware stack levels required when called:    2
 This function calls:
		_WriteCommand
		_WriteRegister
 This function is called by:
		_ISR_ROUTINE
 This function uses a non-reentrant model


 *************** function _WriteRegister *****************
 Defined at:
		line 51 in file "nRF24L01P.c"
 Parameters:    Size  Location     Type
  reg             1    wreg     unsigned char 
  val             1    1[COMMON] unsigned char 
 Auto vars:     Size  Location     Type
  reg             1    2[COMMON] unsigned char 
 Return value:  Size  Location     Type
                  1    wreg      void 
 Registers used:
		wreg, status,2, status,0, pclath, cstack
 Tracked objects:
		On entry : 
		On exit  : 
		Unchanged: 
 Data sizes:     COMMON   BANK0   BANK1   BANK2   BANK3   BANK4   BANK5   BANK6   BANK7   BANK8   BANK9  BANK10  BANK11  BANK12
      Params:         1       0       0       0       0       0       0       0       0       0       0       0       0       0
      Locals:         1       0       0       0       0       0       0       0       0       0       0       0       0       0
      Temps:          0       0       0       0       0       0       0       0       0       0       0       0       0       0
      Totals:         2       0       0       0       0       0       0       0       0       0       0       0       0       0
Total ram usage:        2 bytes
 Hardware stack levels used:    1
 Hardware stack levels required when called:    1
 This function calls:
		_SPI_transfer
 This function is called by:
		_ISR_ROUTINE
		_nRF_Setup
		_FlushTXRX
 This function uses a non-reentrant model


 *************** function _WriteCommand *****************
 Defined at:
		line 85 in file "nRF24L01P.c"
 Parameters:    Size  Location     Type
  command         1    wreg     unsigned char 
 Auto vars:     Size  Location     Type
  command         1    1[COMMON] unsigned char 
 Return value:  Size  Location     Type
                  1    wreg      void 
 Registers used:
		wreg, status,2, status,0, pclath, cstack
 Tracked objects:
		On entry : 
		On exit  : 
		Unchanged: 
 Data sizes:     COMMON   BANK0   BANK1   BANK2   BANK3   BANK4   BANK5   BANK6   BANK7   BANK8   BANK9  BANK10  BANK11  BANK12
      Params:         0       0       0       0       0       0       0       0       0       0       0       0       0       0
      Locals:         1       0       0       0       0       0       0       0       0       0       0       0       0       0
      Temps:          0       0       0       0       0       0       0       0       0       0       0       0       0       0
      Totals:         1       0       0       0       0       0       0       0       0       0       0       0       0       0
Total ram usage:        1 bytes
 Hardware stack levels used:    1
 Hardware stack levels required when called:    1
 This function calls:
		_SPI_transfer
 This function is called by:
		_FlushTXRX
 This function uses a non-reentrant model


 *************** function _SPI_transfer *****************
 Defined at:
		line 46 in file "spi.c"
 Parameters:    Size  Location     Type
  data            1    wreg     unsigned char 
 Auto vars:     Size  Location     Type
  data            1    0[COMMON] unsigned char 
 Return value:  Size  Location     Type
                  1    wreg      unsigned char 
 Registers used:
		wreg
 Tracked objects:
		On entry : 
		On exit  : 
		Unchanged: 
 Data sizes:     COMMON   BANK0   BANK1   BANK2   BANK3   BANK4   BANK5   BANK6   BANK7   BANK8   BANK9  BANK10  BANK11  BANK12
      Params:         0       0       0       0       0       0       0       0       0       0       0       0       0       0
      Locals:         1       0       0       0       0       0       0       0       0       0       0       0       0       0
      Temps:          0       0       0       0       0       0       0       0       0       0       0       0       0       0
      Totals:         1       0       0       0       0       0       0       0       0       0       0       0       0       0
Total ram usage:        1 bytes
 Hardware stack levels used:    1
 This function calls:
		Nothing
 This function is called by:
		_WriteRegister
		_WriteAddress
		_WriteCommand
		_WritePayload
		_ReadRegister
 This function uses a non-reentrant model



MODULE INFORMATION

Module		Function		Class		Link	Load	Size
C:\Program Files (x86)\Microchip\xc8\v1.41\sources\common\lldiv.c
		___lldiv       		CODE           	060E	0000	83

C:\Program Files (x86)\Microchip\xc8\v1.41\sources\common\lldiv.c estimated size: 83

C:\Program Files (x86)\Microchip\xc8\v1.41\sources\common\fttol.c
		___fttol       		CODE           	04A8	0000	136

C:\Program Files (x86)\Microchip\xc8\v1.41\sources\common\fttol.c estimated size: 136

C:\Program Files (x86)\Microchip\xc8\v1.41\sources\common\ftadd.c
		___ftadd       		CODE           	0210	0000	246

C:\Program Files (x86)\Microchip\xc8\v1.41\sources\common\ftadd.c estimated size: 246

nRF24L01P.c
		_nRF_Setup     		CODE           	052F	0000	124
		_WriteRegister 		CODE           	0FD1	0000	15
		_FlushTXRX     		CODE           	0FDF	0000	17
		_WriteAddress  		CODE           	0733	0000	40
		_WritePayload  		CODE           	075A	0000	37
		_WriteCommand  		CODE           	0FB2	0000	10

nRF24L01P.c estimated size: 243

C:\Program Files (x86)\Microchip\xc8\v1.41\sources\common\sprcsqrt.c
		_sqrt          		CODE           	0305	0000	241

C:\Program Files (x86)\Microchip\xc8\v1.41\sources\common\sprcsqrt.c estimated size: 241

C:\Program Files (x86)\Microchip\xc8\v1.41\sources\common\ftge.c
		___ftge        		CODE           	06A1	0000	60

C:\Program Files (x86)\Microchip\xc8\v1.41\sources\common\ftge.c estimated size: 60

send_current_low_cons.c
		_ISR_ROUTINE   		CODE           	0004	0000	478
		_main          		CODE           	0660	0000	66
		_init_adc      		CODE           	0FEF	0000	18

send_current_low_cons.c estimated size: 562

C:\Program Files (x86)\Microchip\xc8\v1.41\sources\common\Umul32.c
		___lmul        		CODE           	06DC	0000	48

C:\Program Files (x86)\Microchip\xc8\v1.41\sources\common\Umul32.c estimated size: 48

C:\Program Files (x86)\Microchip\xc8\v1.41\sources\common\ftsub.c
		___ftsub       		CODE           	07A0	0000	31

C:\Program Files (x86)\Microchip\xc8\v1.41\sources\common\ftsub.c estimated size: 31

C:\Program Files (x86)\Microchip\xc8\v1.41\sources\common\float.c
		___ftpack      		CODE           	05AA	0000	101

C:\Program Files (x86)\Microchip\xc8\v1.41\sources\common\float.c estimated size: 101

spi.c
		_SPI_init      		CODE           	07BE	0000	24
		_SPI_transfer  		CODE           	0FAA	0000	9

spi.c estimated size: 33

shared
		__initialization		CODE           	01E3	0000	42
		i1_InitApp     		CODE           	07E9	0000	21

shared estimated size: 63

user.c
		_InitApp       		CODE           	07D5	0000	21
		_timer_setup_and_start_IE		CODE           	077E	0000	35

user.c estimated size: 56

C:\Program Files (x86)\Microchip\xc8\v1.41\sources\common\ftmul.c
		___ftmul       		CODE           	03F5	0000	180

C:\Program Files (x86)\Microchip\xc8\v1.41\sources\common\ftmul.c estimated size: 180

C:\Program Files (x86)\Microchip\xc8\v1.41\sources\common\lltoft.c
		___lltoft      		CODE           	070B	0000	41

C:\Program Files (x86)\Microchip\xc8\v1.41\sources\common\lltoft.c estimated size: 41

system.c
		_ConfigureOscillator		CODE           	0FBB	0000	11

system.c estimated size: 11

